#
# There is insufficient memory for the Java Runtime Environment to continue.
# Native memory allocation (malloc) failed to allocate 1961360 bytes. Error detail: Chunk::new
# Possible reasons:
#   The system is out of physical RAM or swap space
#   This process is running with CompressedOops enabled, and the Java Heap may be blocking the growth of the native heap
# Possible solutions:
#   Reduce memory load on the system
#   Increase physical memory or swap space
#   Check if swap backing store is full
#   Decrease Java heap size (-Xmx/-Xms)
#   Decrease number of Java threads
#   Decrease Java thread stack sizes (-Xss)
#   Set larger code cache with -XX:ReservedCodeCacheSize=
#   JVM is running with Unscaled Compressed Oops mode in which the Java heap is
#     placed in the first 4GB address space. The Java Heap base address is the
#     maximum limit for the native heap growth. Please use -XX:HeapBaseMinAddress
#     to set the Java Heap base and to place the Java Heap above 4GB virtual address.
# This output file may be truncated or incomplete.
#
#  Out of Memory Error (arena.cpp:191), pid=5272, tid=10984
#
# JRE version: OpenJDK Runtime Environment (17.0.11) (build 17.0.11+0--11852314)
# Java VM: OpenJDK 64-Bit Server VM (17.0.11+0--11852314, mixed mode, tiered, compressed oops, compressed class ptrs, g1 gc, windows-amd64)
# No core dump will be written. Minidumps are not enabled by default on client versions of Windows
#

---------------  S U M M A R Y ------------

Command Line: --add-opens=java.base/java.lang=ALL-UNNAMED --add-opens=java.base/java.lang.invoke=ALL-UNNAMED --add-opens=java.base/java.util=ALL-UNNAMED --add-opens=java.prefs/java.util.prefs=ALL-UNNAMED --add-exports=jdk.compiler/com.sun.tools.javac.api=ALL-UNNAMED --add-exports=jdk.compiler/com.sun.tools.javac.util=ALL-UNNAMED --add-opens=java.base/java.util=ALL-UNNAMED --add-opens=java.prefs/java.util.prefs=ALL-UNNAMED --add-opens=java.base/java.nio.charset=ALL-UNNAMED --add-opens=java.base/java.net=ALL-UNNAMED --add-opens=java.base/java.util.concurrent.atomic=ALL-UNNAMED --add-opens=java.xml/javax.xml.namespace=ALL-UNNAMED -XX:MaxMetaspaceSize=384m -XX:+HeapDumpOnOutOfMemoryError -Xms256m -Xmx512m -Dfile.encoding=windows-1252 -Duser.country=AU -Duser.language=en -Duser.variant -javaagent:C:\Users\Pham Ngoc\.gradle\wrapper\dists\gradle-8.14.3-bin\cv11ve7ro1n3o1j4so8xd9n66\gradle-8.14.3\lib\agents\gradle-instrumentation-agent-8.14.3.jar org.gradle.launcher.daemon.bootstrap.GradleDaemon 8.14.3

Host: AMD Ryzen 5 5600H with Radeon Graphics         , 12 cores, 7G,  Windows 11 , 64 bit Build 26100 (10.0.26100.4768)
Time: Thu Aug 21 14:01:56 2025 SE Asia Standard Time elapsed time: 12.798603 seconds (0d 0h 0m 12s)

---------------  T H R E A D  ---------------

Current thread (0x0000021959c6cf80):  JavaThread "C2 CompilerThread0" daemon [_thread_in_native, id=10984, stack(0x0000008bba000000,0x0000008bba100000)]


Current CompileTask:
C2:  12798 4854       4       org.objectweb.asm.Frame::execute (2303 bytes)

Stack: [0x0000008bba000000,0x0000008bba100000]
Native frames: (J=compiled Java code, j=interpreted, Vv=VM code, C=native code)
V  [jvm.dll+0x687bb9]
V  [jvm.dll+0x84142a]
V  [jvm.dll+0x8430ae]
V  [jvm.dll+0x843713]
V  [jvm.dll+0x24a35f]
V  [jvm.dll+0xac544]
V  [jvm.dll+0xacb8c]
V  [jvm.dll+0x369c37]
V  [jvm.dll+0x33416a]
V  [jvm.dll+0x33360a]
V  [jvm.dll+0x21bed1]
V  [jvm.dll+0x21b311]
V  [jvm.dll+0x1a63ed]
V  [jvm.dll+0x22b1ee]
V  [jvm.dll+0x229375]
V  [jvm.dll+0x7f5647]
V  [jvm.dll+0x7efa4a]
V  [jvm.dll+0x686a35]
C  [ucrtbase.dll+0x37b0]
C  [KERNEL32.DLL+0x2e8d7]
C  [ntdll.dll+0x3c34c]


---------------  P R O C E S S  ---------------

Threads class SMR info:
_java_thread_list=0x0000021960e87ca0, length=39, elements={
0x00000219431ccc00, 0x0000021959b946a0, 0x0000021959b95170, 0x0000021959c2f300,
0x0000021959c69120, 0x0000021959c6ba00, 0x0000021959c6c2d0, 0x0000021959c6cf80,
0x0000021959c6d940, 0x0000021959c6e250, 0x0000021959d1a690, 0x0000021959ea0cb0,
0x0000021960051860, 0x00000219601fc9e0, 0x000002195ffcdf40, 0x00000219601465a0,
0x000002195fd06880, 0x0000021960236fb0, 0x00000219602379d0, 0x0000021960239830,
0x0000021960237ee0, 0x00000219602383f0, 0x0000021960236080, 0x0000021960236aa0,
0x0000021960238900, 0x0000021960236590, 0x0000021960238e10, 0x0000021960239320,
0x00000219605195c0, 0x00000219605190b0, 0x000002196051a4f0, 0x0000021960519fe0,
0x000002196051aa00, 0x000002196051b420, 0x000002196051b930, 0x0000021960518180,
0x000002196051dca0, 0x000002196051be40, 0x000002196051f5f0
}

Java Threads: ( => current thread )
  0x00000219431ccc00 JavaThread "main" [_thread_blocked, id=4384, stack(0x0000008bb9300000,0x0000008bb9400000)]
  0x0000021959b946a0 JavaThread "Reference Handler" daemon [_thread_blocked, id=17768, stack(0x0000008bb9a00000,0x0000008bb9b00000)]
  0x0000021959b95170 JavaThread "Finalizer" daemon [_thread_blocked, id=24780, stack(0x0000008bb9b00000,0x0000008bb9c00000)]
  0x0000021959c2f300 JavaThread "Signal Dispatcher" daemon [_thread_blocked, id=27880, stack(0x0000008bb9c00000,0x0000008bb9d00000)]
  0x0000021959c69120 JavaThread "Attach Listener" daemon [_thread_blocked, id=29952, stack(0x0000008bb9d00000,0x0000008bb9e00000)]
  0x0000021959c6ba00 JavaThread "Service Thread" daemon [_thread_blocked, id=3584, stack(0x0000008bb9e00000,0x0000008bb9f00000)]
  0x0000021959c6c2d0 JavaThread "Monitor Deflation Thread" daemon [_thread_blocked, id=29904, stack(0x0000008bb9f00000,0x0000008bba000000)]
=>0x0000021959c6cf80 JavaThread "C2 CompilerThread0" daemon [_thread_in_native, id=10984, stack(0x0000008bba000000,0x0000008bba100000)]
  0x0000021959c6d940 JavaThread "C1 CompilerThread0" daemon [_thread_blocked, id=12480, stack(0x0000008bba100000,0x0000008bba200000)]
  0x0000021959c6e250 JavaThread "Sweeper thread" daemon [_thread_blocked, id=27612, stack(0x0000008bba200000,0x0000008bba300000)]
  0x0000021959d1a690 JavaThread "Common-Cleaner" daemon [_thread_blocked, id=17748, stack(0x0000008bba300000,0x0000008bba400000)]
  0x0000021959ea0cb0 JavaThread "Notification Thread" daemon [_thread_blocked, id=2732, stack(0x0000008bba400000,0x0000008bba500000)]
  0x0000021960051860 JavaThread "Daemon health stats" [_thread_blocked, id=11528, stack(0x0000008bbac00000,0x0000008bbad00000)]
  0x00000219601fc9e0 JavaThread "Incoming local TCP Connector on port 5644" [_thread_in_native, id=29440, stack(0x0000008bbab00000,0x0000008bbac00000)]
  0x000002195ffcdf40 JavaThread "Daemon periodic checks" [_thread_blocked, id=27416, stack(0x0000008bbad00000,0x0000008bbae00000)]
  0x00000219601465a0 JavaThread "Daemon" [_thread_blocked, id=27064, stack(0x0000008bbae00000,0x0000008bbaf00000)]
  0x000002195fd06880 JavaThread "Handler for socket connection from /127.0.0.1:5644 to /127.0.0.1:5645" [_thread_in_native, id=7768, stack(0x0000008bbaf00000,0x0000008bbb000000)]
  0x0000021960236fb0 JavaThread "Cancel handler" [_thread_blocked, id=20116, stack(0x0000008bbb000000,0x0000008bbb100000)]
  0x00000219602379d0 JavaThread "Daemon worker" [_thread_in_Java, id=6712, stack(0x0000008bbb100000,0x0000008bbb200000)]
  0x0000021960239830 JavaThread "Asynchronous log dispatcher for DefaultDaemonConnection: socket connection from /127.0.0.1:5644 to /127.0.0.1:5645" [_thread_blocked, id=6504, stack(0x0000008bbb200000,0x0000008bbb300000)]
  0x0000021960237ee0 JavaThread "Stdin handler" [_thread_blocked, id=24224, stack(0x0000008bbb300000,0x0000008bbb400000)]
  0x00000219602383f0 JavaThread "Daemon client event forwarder" [_thread_blocked, id=10976, stack(0x0000008bbb400000,0x0000008bbb500000)]
  0x0000021960236080 JavaThread "Cache worker for journal cache (C:\Users\Pham Ngoc\.gradle\caches\journal-1)" [_thread_blocked, id=28868, stack(0x0000008bbbb00000,0x0000008bbbc00000)]
  0x0000021960236aa0 JavaThread "File lock request listener" [_thread_in_native, id=3292, stack(0x0000008bbbc00000,0x0000008bbbd00000)]
  0x0000021960238900 JavaThread "Cache worker for file hash cache (C:\Users\Pham Ngoc\.gradle\caches\8.14.3\fileHashes)" [_thread_blocked, id=29620, stack(0x0000008bbbd00000,0x0000008bbbe00000)]
  0x0000021960236590 JavaThread "Cache worker for file hash cache (D:\Self_Study_Project\Backend\InstaGallery_Backend\.gradle\8.14.3\fileHashes)" [_thread_blocked, id=6236, stack(0x0000008bbbe00000,0x0000008bbbf00000)]
  0x0000021960238e10 JavaThread "Cache worker for Build Output Cleanup Cache (D:\Self_Study_Project\Backend\InstaGallery_Backend\.gradle\buildOutputCleanup)" [_thread_blocked, id=11764, stack(0x0000008bbbf00000,0x0000008bbc000000)]
  0x0000021960239320 JavaThread "File watcher server" daemon [_thread_in_native, id=10036, stack(0x0000008bbc000000,0x0000008bbc100000)]
  0x00000219605195c0 JavaThread "File watcher consumer" daemon [_thread_blocked, id=23604, stack(0x0000008bbc100000,0x0000008bbc200000)]
  0x00000219605190b0 JavaThread "jar transforms" [_thread_blocked, id=28076, stack(0x0000008bbc200000,0x0000008bbc300000)]
  0x000002196051a4f0 JavaThread "jar transforms Thread 2" [_thread_blocked, id=14472, stack(0x0000008bbc300000,0x0000008bbc400000)]
  0x0000021960519fe0 JavaThread "Cache worker for checksums cache (D:\Self_Study_Project\Backend\InstaGallery_Backend\.gradle\8.14.3\checksums)" [_thread_blocked, id=18416, stack(0x0000008bbc400000,0x0000008bbc500000)]
  0x000002196051aa00 JavaThread "Cache worker for file content cache (C:\Users\Pham Ngoc\.gradle\caches\8.14.3\fileContent)" [_thread_blocked, id=28700, stack(0x0000008bbc500000,0x0000008bbc600000)]
  0x000002196051b420 JavaThread "jar transforms Thread 3" [_thread_blocked, id=17500, stack(0x0000008bbc600000,0x0000008bbc700000)]
  0x000002196051b930 JavaThread "jar transforms Thread 4" [_thread_blocked, id=27816, stack(0x0000008bbc700000,0x0000008bbc800000)]
  0x0000021960518180 JavaThread "jar transforms Thread 5" [_thread_blocked, id=5104, stack(0x0000008bbc800000,0x0000008bbc900000)]
  0x000002196051dca0 JavaThread "jar transforms Thread 6" [_thread_blocked, id=30380, stack(0x0000008bbc900000,0x0000008bbca00000)]
  0x000002196051be40 JavaThread "Cache worker for cache directory md-supplier (C:\Users\Pham Ngoc\.gradle\caches\8.14.3\md-supplier)" [_thread_blocked, id=13380, stack(0x0000008bbca00000,0x0000008bbcb00000)]
  0x000002196051f5f0 JavaThread "Cache worker for cache directory md-rule (C:\Users\Pham Ngoc\.gradle\caches\8.14.3\md-rule)" [_thread_blocked, id=3524, stack(0x0000008bbcb00000,0x0000008bbcc00000)]

Other Threads:
  0x0000021959b3dfa0 VMThread "VM Thread" [stack: 0x0000008bb9900000,0x0000008bb9a00000] [id=27152]
  0x00000219431cd990 WatcherThread [stack: 0x0000008bba500000,0x0000008bba600000] [id=6456]
  0x00000219431fe8b0 GCTaskThread "GC Thread#0" [stack: 0x0000008bb9400000,0x0000008bb9500000] [id=17580]
  0x000002195a3c1f50 GCTaskThread "GC Thread#1" [stack: 0x0000008bba600000,0x0000008bba700000] [id=12004]
  0x000002195a2120f0 GCTaskThread "GC Thread#2" [stack: 0x0000008bba700000,0x0000008bba800000] [id=12736]
  0x000002195a2f3720 GCTaskThread "GC Thread#3" [stack: 0x0000008bba800000,0x0000008bba900000] [id=4192]
  0x000002195a38b030 GCTaskThread "GC Thread#4" [stack: 0x0000008bba900000,0x0000008bbaa00000] [id=27836]
  0x000002195a38b2f0 GCTaskThread "GC Thread#5" [stack: 0x0000008bbaa00000,0x0000008bbab00000] [id=12008]
  0x000002195f8cdc20 GCTaskThread "GC Thread#6" [stack: 0x0000008bbb500000,0x0000008bbb600000] [id=14628]
  0x000002195f8cdee0 GCTaskThread "GC Thread#7" [stack: 0x0000008bbb600000,0x0000008bbb700000] [id=13668]
  0x000002195f8ce1a0 GCTaskThread "GC Thread#8" [stack: 0x0000008bbb700000,0x0000008bbb800000] [id=10156]
  0x000002195f8ce9e0 GCTaskThread "GC Thread#9" [stack: 0x0000008bbb800000,0x0000008bbb900000] [id=8924]
  0x0000021943204b80 ConcurrentGCThread "G1 Main Marker" [stack: 0x0000008bb9500000,0x0000008bb9600000] [id=17620]
  0x00000219432054b0 ConcurrentGCThread "G1 Conc#0" [stack: 0x0000008bb9600000,0x0000008bb9700000] [id=30496]
  0x000002195f8ce460 ConcurrentGCThread "G1 Conc#1" [stack: 0x0000008bbb900000,0x0000008bbba00000] [id=30048]
  0x000002195f8cd960 ConcurrentGCThread "G1 Conc#2" [stack: 0x0000008bbba00000,0x0000008bbbb00000] [id=17636]
  0x000002194327eca0 ConcurrentGCThread "G1 Refine#0" [stack: 0x0000008bb9700000,0x0000008bb9800000] [id=16260]
  0x0000021959a4bf10 ConcurrentGCThread "G1 Service" [stack: 0x0000008bb9800000,0x0000008bb9900000] [id=28824]

Threads with active compile tasks:
C2 CompilerThread0    12841 4854       4       org.objectweb.asm.Frame::execute (2303 bytes)

VM state: not at safepoint (normal execution)

VM Mutex/Monitor currently owned by a thread: None

Heap address: 0x00000000e0000000, size: 512 MB, Compressed Oops mode: 32-bit

CDS archive(s) not mapped
Compressed class space mapped at: 0x0000000100000000-0x0000000114000000, reserved size: 335544320
Narrow klass base: 0x0000000000000000, Narrow klass shift: 3, Narrow klass range: 0x114000000

GC Precious Log:
 CPUs: 12 total, 12 available
 Memory: 7521M
 Large Page Support: Disabled
 NUMA Support: Disabled
 Compressed Oops: Enabled (32-bit)
 Heap Region Size: 1M
 Heap Min Capacity: 256M
 Heap Initial Capacity: 256M
 Heap Max Capacity: 512M
 Pre-touch: Disabled
 Parallel Workers: 10
 Concurrent Workers: 3
 Concurrent Refinement Workers: 10
 Periodic GC: Disabled

Heap:
 garbage-first heap   total 262144K, used 51210K [0x00000000e0000000, 0x0000000100000000)
  region size 1024K, 27 young (27648K), 10 survivors (10240K)
 Metaspace       used 54150K, committed 54592K, reserved 393216K
  class space    used 7196K, committed 7424K, reserved 327680K

Heap Regions: E=young(eden), S=young(survivor), O=old, HS=humongous(starts), HC=humongous(continues), CS=collection set, F=free, OA=open archive, CA=closed archive, TAMS=top-at-mark-start (previous, next)
|   0|0x00000000e0000000, 0x00000000e0100000, 0x00000000e0100000|100%|HS|  |TAMS 0x00000000e0100000, 0x00000000e0000000| Complete 
|   1|0x00000000e0100000, 0x00000000e0200000, 0x00000000e0200000|100%|HC|  |TAMS 0x00000000e0200000, 0x00000000e0100000| Complete 
|   2|0x00000000e0200000, 0x00000000e0300000, 0x00000000e0300000|100%|HC|  |TAMS 0x00000000e0300000, 0x00000000e0200000| Complete 
|   3|0x00000000e0300000, 0x00000000e0400000, 0x00000000e0400000|100%| O|  |TAMS 0x00000000e0400000, 0x00000000e0300000| Untracked 
|   4|0x00000000e0400000, 0x00000000e0500000, 0x00000000e0500000|100%| O|  |TAMS 0x00000000e0500000, 0x00000000e0400000| Untracked 
|   5|0x00000000e0500000, 0x00000000e0600000, 0x00000000e0600000|100%| O|  |TAMS 0x00000000e0600000, 0x00000000e0500000| Untracked 
|   6|0x00000000e0600000, 0x00000000e0700000, 0x00000000e0700000|100%|HS|  |TAMS 0x00000000e0700000, 0x00000000e0600000| Complete 
|   7|0x00000000e0700000, 0x00000000e0800000, 0x00000000e0800000|100%| O|  |TAMS 0x00000000e0800000, 0x00000000e0700000| Untracked 
|   8|0x00000000e0800000, 0x00000000e0900000, 0x00000000e0900000|100%| O|  |TAMS 0x00000000e0900000, 0x00000000e0800000| Untracked 
|   9|0x00000000e0900000, 0x00000000e0a00000, 0x00000000e0a00000|100%| O|  |TAMS 0x00000000e0a00000, 0x00000000e0900000| Untracked 
|  10|0x00000000e0a00000, 0x00000000e0a00000, 0x00000000e0b00000|  0%| F|  |TAMS 0x00000000e0a00000, 0x00000000e0a00000| Untracked 
|  11|0x00000000e0b00000, 0x00000000e0c00000, 0x00000000e0c00000|100%| O|  |TAMS 0x00000000e0c00000, 0x00000000e0b00000| Untracked 
|  12|0x00000000e0c00000, 0x00000000e0d00000, 0x00000000e0d00000|100%| O|  |TAMS 0x00000000e0d00000, 0x00000000e0c00000| Untracked 
|  13|0x00000000e0d00000, 0x00000000e0e00000, 0x00000000e0e00000|100%| O|  |TAMS 0x00000000e0e00000, 0x00000000e0d00000| Untracked 
|  14|0x00000000e0e00000, 0x00000000e0f00000, 0x00000000e0f00000|100%| O|  |TAMS 0x00000000e0f00000, 0x00000000e0e00000| Untracked 
|  15|0x00000000e0f00000, 0x00000000e1000000, 0x00000000e1000000|100%| O|  |TAMS 0x00000000e1000000, 0x00000000e0f00000| Untracked 
|  16|0x00000000e1000000, 0x00000000e1100000, 0x00000000e1100000|100%| O|  |TAMS 0x00000000e1100000, 0x00000000e1000000| Untracked 
|  17|0x00000000e1100000, 0x00000000e1200000, 0x00000000e1200000|100%| O|  |TAMS 0x00000000e1200000, 0x00000000e1100000| Untracked 
|  18|0x00000000e1200000, 0x00000000e1300000, 0x00000000e1300000|100%| O|  |TAMS 0x00000000e1300000, 0x00000000e1200000| Untracked 
|  19|0x00000000e1300000, 0x00000000e1400000, 0x00000000e1400000|100%| O|  |TAMS 0x00000000e1400000, 0x00000000e1300000| Untracked 
|  20|0x00000000e1400000, 0x00000000e1500000, 0x00000000e1500000|100%| O|  |TAMS 0x00000000e1500000, 0x00000000e1400000| Untracked 
|  21|0x00000000e1500000, 0x00000000e1600000, 0x00000000e1600000|100%| O|  |TAMS 0x00000000e1600000, 0x00000000e1500000| Untracked 
|  22|0x00000000e1600000, 0x00000000e1700000, 0x00000000e1700000|100%| O|  |TAMS 0x00000000e1700000, 0x00000000e1600000| Untracked 
|  23|0x00000000e1700000, 0x00000000e1800000, 0x00000000e1800000|100%| O|  |TAMS 0x00000000e1800000, 0x00000000e1700000| Untracked 
|  24|0x00000000e1800000, 0x00000000e1900000, 0x00000000e1900000|100%| O|  |TAMS 0x00000000e1900000, 0x00000000e1800000| Untracked 
|  25|0x00000000e1900000, 0x00000000e195c400, 0x00000000e1a00000| 36%| O|  |TAMS 0x00000000e195c400, 0x00000000e1900000| Untracked 
|  26|0x00000000e1a00000, 0x00000000e1a00000, 0x00000000e1b00000|  0%| F|  |TAMS 0x00000000e1a00000, 0x00000000e1a00000| Untracked 
|  27|0x00000000e1b00000, 0x00000000e1b00000, 0x00000000e1c00000|  0%| F|  |TAMS 0x00000000e1b00000, 0x00000000e1b00000| Untracked 
|  28|0x00000000e1c00000, 0x00000000e1c00000, 0x00000000e1d00000|  0%| F|  |TAMS 0x00000000e1c00000, 0x00000000e1c00000| Untracked 
|  29|0x00000000e1d00000, 0x00000000e1d00000, 0x00000000e1e00000|  0%| F|  |TAMS 0x00000000e1d00000, 0x00000000e1d00000| Untracked 
|  30|0x00000000e1e00000, 0x00000000e1e00000, 0x00000000e1f00000|  0%| F|  |TAMS 0x00000000e1e00000, 0x00000000e1e00000| Untracked 
|  31|0x00000000e1f00000, 0x00000000e1f00000, 0x00000000e2000000|  0%| F|  |TAMS 0x00000000e1f00000, 0x00000000e1f00000| Untracked 
|  32|0x00000000e2000000, 0x00000000e2000000, 0x00000000e2100000|  0%| F|  |TAMS 0x00000000e2000000, 0x00000000e2000000| Untracked 
|  33|0x00000000e2100000, 0x00000000e2100000, 0x00000000e2200000|  0%| F|  |TAMS 0x00000000e2100000, 0x00000000e2100000| Untracked 
|  34|0x00000000e2200000, 0x00000000e2200000, 0x00000000e2300000|  0%| F|  |TAMS 0x00000000e2200000, 0x00000000e2200000| Untracked 
|  35|0x00000000e2300000, 0x00000000e2300000, 0x00000000e2400000|  0%| F|  |TAMS 0x00000000e2300000, 0x00000000e2300000| Untracked 
|  36|0x00000000e2400000, 0x00000000e2400000, 0x00000000e2500000|  0%| F|  |TAMS 0x00000000e2400000, 0x00000000e2400000| Untracked 
|  37|0x00000000e2500000, 0x00000000e2500000, 0x00000000e2600000|  0%| F|  |TAMS 0x00000000e2500000, 0x00000000e2500000| Untracked 
|  38|0x00000000e2600000, 0x00000000e2600000, 0x00000000e2700000|  0%| F|  |TAMS 0x00000000e2600000, 0x00000000e2600000| Untracked 
|  39|0x00000000e2700000, 0x00000000e2700000, 0x00000000e2800000|  0%| F|  |TAMS 0x00000000e2700000, 0x00000000e2700000| Untracked 
|  40|0x00000000e2800000, 0x00000000e2800000, 0x00000000e2900000|  0%| F|  |TAMS 0x00000000e2800000, 0x00000000e2800000| Untracked 
|  41|0x00000000e2900000, 0x00000000e2900000, 0x00000000e2a00000|  0%| F|  |TAMS 0x00000000e2900000, 0x00000000e2900000| Untracked 
|  42|0x00000000e2a00000, 0x00000000e2a00000, 0x00000000e2b00000|  0%| F|  |TAMS 0x00000000e2a00000, 0x00000000e2a00000| Untracked 
|  43|0x00000000e2b00000, 0x00000000e2b00000, 0x00000000e2c00000|  0%| F|  |TAMS 0x00000000e2b00000, 0x00000000e2b00000| Untracked 
|  44|0x00000000e2c00000, 0x00000000e2c00000, 0x00000000e2d00000|  0%| F|  |TAMS 0x00000000e2c00000, 0x00000000e2c00000| Untracked 
|  45|0x00000000e2d00000, 0x00000000e2d00000, 0x00000000e2e00000|  0%| F|  |TAMS 0x00000000e2d00000, 0x00000000e2d00000| Untracked 
|  46|0x00000000e2e00000, 0x00000000e2e00000, 0x00000000e2f00000|  0%| F|  |TAMS 0x00000000e2e00000, 0x00000000e2e00000| Untracked 
|  47|0x00000000e2f00000, 0x00000000e2f00000, 0x00000000e3000000|  0%| F|  |TAMS 0x00000000e2f00000, 0x00000000e2f00000| Untracked 
|  48|0x00000000e3000000, 0x00000000e3000000, 0x00000000e3100000|  0%| F|  |TAMS 0x00000000e3000000, 0x00000000e3000000| Untracked 
|  49|0x00000000e3100000, 0x00000000e3100000, 0x00000000e3200000|  0%| F|  |TAMS 0x00000000e3100000, 0x00000000e3100000| Untracked 
|  50|0x00000000e3200000, 0x00000000e3200000, 0x00000000e3300000|  0%| F|  |TAMS 0x00000000e3200000, 0x00000000e3200000| Untracked 
|  51|0x00000000e3300000, 0x00000000e3300000, 0x00000000e3400000|  0%| F|  |TAMS 0x00000000e3300000, 0x00000000e3300000| Untracked 
|  52|0x00000000e3400000, 0x00000000e3400000, 0x00000000e3500000|  0%| F|  |TAMS 0x00000000e3400000, 0x00000000e3400000| Untracked 
|  53|0x00000000e3500000, 0x00000000e3500000, 0x00000000e3600000|  0%| F|  |TAMS 0x00000000e3500000, 0x00000000e3500000| Untracked 
|  54|0x00000000e3600000, 0x00000000e3600000, 0x00000000e3700000|  0%| F|  |TAMS 0x00000000e3600000, 0x00000000e3600000| Untracked 
|  55|0x00000000e3700000, 0x00000000e3700000, 0x00000000e3800000|  0%| F|  |TAMS 0x00000000e3700000, 0x00000000e3700000| Untracked 
|  56|0x00000000e3800000, 0x00000000e3800000, 0x00000000e3900000|  0%| F|  |TAMS 0x00000000e3800000, 0x00000000e3800000| Untracked 
|  57|0x00000000e3900000, 0x00000000e3900000, 0x00000000e3a00000|  0%| F|  |TAMS 0x00000000e3900000, 0x00000000e3900000| Untracked 
|  58|0x00000000e3a00000, 0x00000000e3a00000, 0x00000000e3b00000|  0%| F|  |TAMS 0x00000000e3a00000, 0x00000000e3a00000| Untracked 
|  59|0x00000000e3b00000, 0x00000000e3b00000, 0x00000000e3c00000|  0%| F|  |TAMS 0x00000000e3b00000, 0x00000000e3b00000| Untracked 
|  60|0x00000000e3c00000, 0x00000000e3c00000, 0x00000000e3d00000|  0%| F|  |TAMS 0x00000000e3c00000, 0x00000000e3c00000| Untracked 
|  61|0x00000000e3d00000, 0x00000000e3d00000, 0x00000000e3e00000|  0%| F|  |TAMS 0x00000000e3d00000, 0x00000000e3d00000| Untracked 
|  62|0x00000000e3e00000, 0x00000000e3e00000, 0x00000000e3f00000|  0%| F|  |TAMS 0x00000000e3e00000, 0x00000000e3e00000| Untracked 
|  63|0x00000000e3f00000, 0x00000000e3f00000, 0x00000000e4000000|  0%| F|  |TAMS 0x00000000e3f00000, 0x00000000e3f00000| Untracked 
|  64|0x00000000e4000000, 0x00000000e4000000, 0x00000000e4100000|  0%| F|  |TAMS 0x00000000e4000000, 0x00000000e4000000| Untracked 
|  65|0x00000000e4100000, 0x00000000e4100000, 0x00000000e4200000|  0%| F|  |TAMS 0x00000000e4100000, 0x00000000e4100000| Untracked 
|  66|0x00000000e4200000, 0x00000000e4200000, 0x00000000e4300000|  0%| F|  |TAMS 0x00000000e4200000, 0x00000000e4200000| Untracked 
|  67|0x00000000e4300000, 0x00000000e4300000, 0x00000000e4400000|  0%| F|  |TAMS 0x00000000e4300000, 0x00000000e4300000| Untracked 
|  68|0x00000000e4400000, 0x00000000e4400000, 0x00000000e4500000|  0%| F|  |TAMS 0x00000000e4400000, 0x00000000e4400000| Untracked 
|  69|0x00000000e4500000, 0x00000000e4500000, 0x00000000e4600000|  0%| F|  |TAMS 0x00000000e4500000, 0x00000000e4500000| Untracked 
|  70|0x00000000e4600000, 0x00000000e4600000, 0x00000000e4700000|  0%| F|  |TAMS 0x00000000e4600000, 0x00000000e4600000| Untracked 
|  71|0x00000000e4700000, 0x00000000e4700000, 0x00000000e4800000|  0%| F|  |TAMS 0x00000000e4700000, 0x00000000e4700000| Untracked 
|  72|0x00000000e4800000, 0x00000000e4800000, 0x00000000e4900000|  0%| F|  |TAMS 0x00000000e4800000, 0x00000000e4800000| Untracked 
|  73|0x00000000e4900000, 0x00000000e4900000, 0x00000000e4a00000|  0%| F|  |TAMS 0x00000000e4900000, 0x00000000e4900000| Untracked 
|  74|0x00000000e4a00000, 0x00000000e4a00000, 0x00000000e4b00000|  0%| F|  |TAMS 0x00000000e4a00000, 0x00000000e4a00000| Untracked 
|  75|0x00000000e4b00000, 0x00000000e4b00000, 0x00000000e4c00000|  0%| F|  |TAMS 0x00000000e4b00000, 0x00000000e4b00000| Untracked 
|  76|0x00000000e4c00000, 0x00000000e4c00000, 0x00000000e4d00000|  0%| F|  |TAMS 0x00000000e4c00000, 0x00000000e4c00000| Untracked 
|  77|0x00000000e4d00000, 0x00000000e4d00000, 0x00000000e4e00000|  0%| F|  |TAMS 0x00000000e4d00000, 0x00000000e4d00000| Untracked 
|  78|0x00000000e4e00000, 0x00000000e4e00000, 0x00000000e4f00000|  0%| F|  |TAMS 0x00000000e4e00000, 0x00000000e4e00000| Untracked 
|  79|0x00000000e4f00000, 0x00000000e4f00000, 0x00000000e5000000|  0%| F|  |TAMS 0x00000000e4f00000, 0x00000000e4f00000| Untracked 
|  80|0x00000000e5000000, 0x00000000e5000000, 0x00000000e5100000|  0%| F|  |TAMS 0x00000000e5000000, 0x00000000e5000000| Untracked 
|  81|0x00000000e5100000, 0x00000000e5100000, 0x00000000e5200000|  0%| F|  |TAMS 0x00000000e5100000, 0x00000000e5100000| Untracked 
|  82|0x00000000e5200000, 0x00000000e5200000, 0x00000000e5300000|  0%| F|  |TAMS 0x00000000e5200000, 0x00000000e5200000| Untracked 
|  83|0x00000000e5300000, 0x00000000e5300000, 0x00000000e5400000|  0%| F|  |TAMS 0x00000000e5300000, 0x00000000e5300000| Untracked 
|  84|0x00000000e5400000, 0x00000000e5400000, 0x00000000e5500000|  0%| F|  |TAMS 0x00000000e5400000, 0x00000000e5400000| Untracked 
|  85|0x00000000e5500000, 0x00000000e5500000, 0x00000000e5600000|  0%| F|  |TAMS 0x00000000e5500000, 0x00000000e5500000| Untracked 
|  86|0x00000000e5600000, 0x00000000e5600000, 0x00000000e5700000|  0%| F|  |TAMS 0x00000000e5600000, 0x00000000e5600000| Untracked 
|  87|0x00000000e5700000, 0x00000000e5700000, 0x00000000e5800000|  0%| F|  |TAMS 0x00000000e5700000, 0x00000000e5700000| Untracked 
|  88|0x00000000e5800000, 0x00000000e5800000, 0x00000000e5900000|  0%| F|  |TAMS 0x00000000e5800000, 0x00000000e5800000| Untracked 
|  89|0x00000000e5900000, 0x00000000e5900000, 0x00000000e5a00000|  0%| F|  |TAMS 0x00000000e5900000, 0x00000000e5900000| Untracked 
|  90|0x00000000e5a00000, 0x00000000e5a00000, 0x00000000e5b00000|  0%| F|  |TAMS 0x00000000e5a00000, 0x00000000e5a00000| Untracked 
|  91|0x00000000e5b00000, 0x00000000e5b00000, 0x00000000e5c00000|  0%| F|  |TAMS 0x00000000e5b00000, 0x00000000e5b00000| Untracked 
|  92|0x00000000e5c00000, 0x00000000e5c00000, 0x00000000e5d00000|  0%| F|  |TAMS 0x00000000e5c00000, 0x00000000e5c00000| Untracked 
|  93|0x00000000e5d00000, 0x00000000e5da6710, 0x00000000e5e00000| 65%| S|CS|TAMS 0x00000000e5d00000, 0x00000000e5d00000| Complete 
|  94|0x00000000e5e00000, 0x00000000e5f00000, 0x00000000e5f00000|100%| S|CS|TAMS 0x00000000e5e00000, 0x00000000e5e00000| Complete 
|  95|0x00000000e5f00000, 0x00000000e6000000, 0x00000000e6000000|100%| S|CS|TAMS 0x00000000e5f00000, 0x00000000e5f00000| Complete 
|  96|0x00000000e6000000, 0x00000000e6100000, 0x00000000e6100000|100%| S|CS|TAMS 0x00000000e6000000, 0x00000000e6000000| Complete 
|  97|0x00000000e6100000, 0x00000000e6200000, 0x00000000e6200000|100%| S|CS|TAMS 0x00000000e6100000, 0x00000000e6100000| Complete 
|  98|0x00000000e6200000, 0x00000000e6300000, 0x00000000e6300000|100%| S|CS|TAMS 0x00000000e6200000, 0x00000000e6200000| Complete 
|  99|0x00000000e6300000, 0x00000000e6400000, 0x00000000e6400000|100%| S|CS|TAMS 0x00000000e6300000, 0x00000000e6300000| Complete 
| 100|0x00000000e6400000, 0x00000000e6500000, 0x00000000e6500000|100%| S|CS|TAMS 0x00000000e6400000, 0x00000000e6400000| Complete 
| 101|0x00000000e6500000, 0x00000000e6600000, 0x00000000e6600000|100%| S|CS|TAMS 0x00000000e6500000, 0x00000000e6500000| Complete 
| 102|0x00000000e6600000, 0x00000000e6700000, 0x00000000e6700000|100%| S|CS|TAMS 0x00000000e6600000, 0x00000000e6600000| Complete 
| 103|0x00000000e6700000, 0x00000000e6700000, 0x00000000e6800000|  0%| F|  |TAMS 0x00000000e6700000, 0x00000000e6700000| Untracked 
| 104|0x00000000e6800000, 0x00000000e6800000, 0x00000000e6900000|  0%| F|  |TAMS 0x00000000e6800000, 0x00000000e6800000| Untracked 
| 105|0x00000000e6900000, 0x00000000e6900000, 0x00000000e6a00000|  0%| F|  |TAMS 0x00000000e6900000, 0x00000000e6900000| Untracked 
| 106|0x00000000e6a00000, 0x00000000e6a00000, 0x00000000e6b00000|  0%| F|  |TAMS 0x00000000e6a00000, 0x00000000e6a00000| Untracked 
| 107|0x00000000e6b00000, 0x00000000e6b00000, 0x00000000e6c00000|  0%| F|  |TAMS 0x00000000e6b00000, 0x00000000e6b00000| Untracked 
| 108|0x00000000e6c00000, 0x00000000e6c00000, 0x00000000e6d00000|  0%| F|  |TAMS 0x00000000e6c00000, 0x00000000e6c00000| Untracked 
| 109|0x00000000e6d00000, 0x00000000e6d00000, 0x00000000e6e00000|  0%| F|  |TAMS 0x00000000e6d00000, 0x00000000e6d00000| Untracked 
| 110|0x00000000e6e00000, 0x00000000e6e00000, 0x00000000e6f00000|  0%| F|  |TAMS 0x00000000e6e00000, 0x00000000e6e00000| Untracked 
| 111|0x00000000e6f00000, 0x00000000e6f00000, 0x00000000e7000000|  0%| F|  |TAMS 0x00000000e6f00000, 0x00000000e6f00000| Untracked 
| 112|0x00000000e7000000, 0x00000000e7000000, 0x00000000e7100000|  0%| F|  |TAMS 0x00000000e7000000, 0x00000000e7000000| Untracked 
| 113|0x00000000e7100000, 0x00000000e7100000, 0x00000000e7200000|  0%| F|  |TAMS 0x00000000e7100000, 0x00000000e7100000| Untracked 
| 114|0x00000000e7200000, 0x00000000e7200000, 0x00000000e7300000|  0%| F|  |TAMS 0x00000000e7200000, 0x00000000e7200000| Untracked 
| 115|0x00000000e7300000, 0x00000000e7300000, 0x00000000e7400000|  0%| F|  |TAMS 0x00000000e7300000, 0x00000000e7300000| Untracked 
| 116|0x00000000e7400000, 0x00000000e7400000, 0x00000000e7500000|  0%| F|  |TAMS 0x00000000e7400000, 0x00000000e7400000| Untracked 
| 117|0x00000000e7500000, 0x00000000e7500000, 0x00000000e7600000|  0%| F|  |TAMS 0x00000000e7500000, 0x00000000e7500000| Untracked 
| 118|0x00000000e7600000, 0x00000000e7600000, 0x00000000e7700000|  0%| F|  |TAMS 0x00000000e7600000, 0x00000000e7600000| Untracked 
| 119|0x00000000e7700000, 0x00000000e7700000, 0x00000000e7800000|  0%| F|  |TAMS 0x00000000e7700000, 0x00000000e7700000| Untracked 
| 120|0x00000000e7800000, 0x00000000e7800000, 0x00000000e7900000|  0%| F|  |TAMS 0x00000000e7800000, 0x00000000e7800000| Untracked 
| 121|0x00000000e7900000, 0x00000000e7900000, 0x00000000e7a00000|  0%| F|  |TAMS 0x00000000e7900000, 0x00000000e7900000| Untracked 
| 122|0x00000000e7a00000, 0x00000000e7a00000, 0x00000000e7b00000|  0%| F|  |TAMS 0x00000000e7a00000, 0x00000000e7a00000| Untracked 
| 123|0x00000000e7b00000, 0x00000000e7b00000, 0x00000000e7c00000|  0%| F|  |TAMS 0x00000000e7b00000, 0x00000000e7b00000| Untracked 
| 124|0x00000000e7c00000, 0x00000000e7c00000, 0x00000000e7d00000|  0%| F|  |TAMS 0x00000000e7c00000, 0x00000000e7c00000| Untracked 
| 125|0x00000000e7d00000, 0x00000000e7d00000, 0x00000000e7e00000|  0%| F|  |TAMS 0x00000000e7d00000, 0x00000000e7d00000| Untracked 
| 126|0x00000000e7e00000, 0x00000000e7e00000, 0x00000000e7f00000|  0%| F|  |TAMS 0x00000000e7e00000, 0x00000000e7e00000| Untracked 
| 127|0x00000000e7f00000, 0x00000000e7f00000, 0x00000000e8000000|  0%| F|  |TAMS 0x00000000e7f00000, 0x00000000e7f00000| Untracked 
| 128|0x00000000e8000000, 0x00000000e8000000, 0x00000000e8100000|  0%| F|  |TAMS 0x00000000e8000000, 0x00000000e8000000| Untracked 
| 129|0x00000000e8100000, 0x00000000e8100000, 0x00000000e8200000|  0%| F|  |TAMS 0x00000000e8100000, 0x00000000e8100000| Untracked 
| 130|0x00000000e8200000, 0x00000000e8200000, 0x00000000e8300000|  0%| F|  |TAMS 0x00000000e8200000, 0x00000000e8200000| Untracked 
| 131|0x00000000e8300000, 0x00000000e8300000, 0x00000000e8400000|  0%| F|  |TAMS 0x00000000e8300000, 0x00000000e8300000| Untracked 
| 132|0x00000000e8400000, 0x00000000e8400000, 0x00000000e8500000|  0%| F|  |TAMS 0x00000000e8400000, 0x00000000e8400000| Untracked 
| 133|0x00000000e8500000, 0x00000000e8500000, 0x00000000e8600000|  0%| F|  |TAMS 0x00000000e8500000, 0x00000000e8500000| Untracked 
| 134|0x00000000e8600000, 0x00000000e8600000, 0x00000000e8700000|  0%| F|  |TAMS 0x00000000e8600000, 0x00000000e8600000| Untracked 
| 135|0x00000000e8700000, 0x00000000e8700000, 0x00000000e8800000|  0%| F|  |TAMS 0x00000000e8700000, 0x00000000e8700000| Untracked 
| 136|0x00000000e8800000, 0x00000000e8800000, 0x00000000e8900000|  0%| F|  |TAMS 0x00000000e8800000, 0x00000000e8800000| Untracked 
| 137|0x00000000e8900000, 0x00000000e8900000, 0x00000000e8a00000|  0%| F|  |TAMS 0x00000000e8900000, 0x00000000e8900000| Untracked 
| 138|0x00000000e8a00000, 0x00000000e8a00000, 0x00000000e8b00000|  0%| F|  |TAMS 0x00000000e8a00000, 0x00000000e8a00000| Untracked 
| 139|0x00000000e8b00000, 0x00000000e8b00000, 0x00000000e8c00000|  0%| F|  |TAMS 0x00000000e8b00000, 0x00000000e8b00000| Untracked 
| 140|0x00000000e8c00000, 0x00000000e8c00000, 0x00000000e8d00000|  0%| F|  |TAMS 0x00000000e8c00000, 0x00000000e8c00000| Untracked 
| 141|0x00000000e8d00000, 0x00000000e8d00000, 0x00000000e8e00000|  0%| F|  |TAMS 0x00000000e8d00000, 0x00000000e8d00000| Untracked 
| 142|0x00000000e8e00000, 0x00000000e8e00000, 0x00000000e8f00000|  0%| F|  |TAMS 0x00000000e8e00000, 0x00000000e8e00000| Untracked 
| 143|0x00000000e8f00000, 0x00000000e8f00000, 0x00000000e9000000|  0%| F|  |TAMS 0x00000000e8f00000, 0x00000000e8f00000| Untracked 
| 144|0x00000000e9000000, 0x00000000e9000000, 0x00000000e9100000|  0%| F|  |TAMS 0x00000000e9000000, 0x00000000e9000000| Untracked 
| 145|0x00000000e9100000, 0x00000000e9100000, 0x00000000e9200000|  0%| F|  |TAMS 0x00000000e9100000, 0x00000000e9100000| Untracked 
| 146|0x00000000e9200000, 0x00000000e9200000, 0x00000000e9300000|  0%| F|  |TAMS 0x00000000e9200000, 0x00000000e9200000| Untracked 
| 147|0x00000000e9300000, 0x00000000e9300000, 0x00000000e9400000|  0%| F|  |TAMS 0x00000000e9300000, 0x00000000e9300000| Untracked 
| 148|0x00000000e9400000, 0x00000000e9400000, 0x00000000e9500000|  0%| F|  |TAMS 0x00000000e9400000, 0x00000000e9400000| Untracked 
| 149|0x00000000e9500000, 0x00000000e9500000, 0x00000000e9600000|  0%| F|  |TAMS 0x00000000e9500000, 0x00000000e9500000| Untracked 
| 150|0x00000000e9600000, 0x00000000e9600000, 0x00000000e9700000|  0%| F|  |TAMS 0x00000000e9600000, 0x00000000e9600000| Untracked 
| 151|0x00000000e9700000, 0x00000000e9700000, 0x00000000e9800000|  0%| F|  |TAMS 0x00000000e9700000, 0x00000000e9700000| Untracked 
| 152|0x00000000e9800000, 0x00000000e9800000, 0x00000000e9900000|  0%| F|  |TAMS 0x00000000e9800000, 0x00000000e9800000| Untracked 
| 153|0x00000000e9900000, 0x00000000e9900000, 0x00000000e9a00000|  0%| F|  |TAMS 0x00000000e9900000, 0x00000000e9900000| Untracked 
| 154|0x00000000e9a00000, 0x00000000e9a00000, 0x00000000e9b00000|  0%| F|  |TAMS 0x00000000e9a00000, 0x00000000e9a00000| Untracked 
| 155|0x00000000e9b00000, 0x00000000e9b00000, 0x00000000e9c00000|  0%| F|  |TAMS 0x00000000e9b00000, 0x00000000e9b00000| Untracked 
| 156|0x00000000e9c00000, 0x00000000e9c00000, 0x00000000e9d00000|  0%| F|  |TAMS 0x00000000e9c00000, 0x00000000e9c00000| Untracked 
| 157|0x00000000e9d00000, 0x00000000e9d00000, 0x00000000e9e00000|  0%| F|  |TAMS 0x00000000e9d00000, 0x00000000e9d00000| Untracked 
| 158|0x00000000e9e00000, 0x00000000e9e00000, 0x00000000e9f00000|  0%| F|  |TAMS 0x00000000e9e00000, 0x00000000e9e00000| Untracked 
| 159|0x00000000e9f00000, 0x00000000e9f00000, 0x00000000ea000000|  0%| F|  |TAMS 0x00000000e9f00000, 0x00000000e9f00000| Untracked 
| 160|0x00000000ea000000, 0x00000000ea000000, 0x00000000ea100000|  0%| F|  |TAMS 0x00000000ea000000, 0x00000000ea000000| Untracked 
| 161|0x00000000ea100000, 0x00000000ea100000, 0x00000000ea200000|  0%| F|  |TAMS 0x00000000ea100000, 0x00000000ea100000| Untracked 
| 162|0x00000000ea200000, 0x00000000ea200000, 0x00000000ea300000|  0%| F|  |TAMS 0x00000000ea200000, 0x00000000ea200000| Untracked 
| 163|0x00000000ea300000, 0x00000000ea300000, 0x00000000ea400000|  0%| F|  |TAMS 0x00000000ea300000, 0x00000000ea300000| Untracked 
| 164|0x00000000ea400000, 0x00000000ea400000, 0x00000000ea500000|  0%| F|  |TAMS 0x00000000ea400000, 0x00000000ea400000| Untracked 
| 165|0x00000000ea500000, 0x00000000ea500000, 0x00000000ea600000|  0%| F|  |TAMS 0x00000000ea500000, 0x00000000ea500000| Untracked 
| 166|0x00000000ea600000, 0x00000000ea600000, 0x00000000ea700000|  0%| F|  |TAMS 0x00000000ea600000, 0x00000000ea600000| Untracked 
| 167|0x00000000ea700000, 0x00000000ea700000, 0x00000000ea800000|  0%| F|  |TAMS 0x00000000ea700000, 0x00000000ea700000| Untracked 
| 168|0x00000000ea800000, 0x00000000ea800000, 0x00000000ea900000|  0%| F|  |TAMS 0x00000000ea800000, 0x00000000ea800000| Untracked 
| 169|0x00000000ea900000, 0x00000000ea900000, 0x00000000eaa00000|  0%| F|  |TAMS 0x00000000ea900000, 0x00000000ea900000| Untracked 
| 170|0x00000000eaa00000, 0x00000000eaa00000, 0x00000000eab00000|  0%| F|  |TAMS 0x00000000eaa00000, 0x00000000eaa00000| Untracked 
| 171|0x00000000eab00000, 0x00000000eab00000, 0x00000000eac00000|  0%| F|  |TAMS 0x00000000eab00000, 0x00000000eab00000| Untracked 
| 172|0x00000000eac00000, 0x00000000eac00000, 0x00000000ead00000|  0%| F|  |TAMS 0x00000000eac00000, 0x00000000eac00000| Untracked 
| 173|0x00000000ead00000, 0x00000000ead00000, 0x00000000eae00000|  0%| F|  |TAMS 0x00000000ead00000, 0x00000000ead00000| Untracked 
| 174|0x00000000eae00000, 0x00000000eae00000, 0x00000000eaf00000|  0%| F|  |TAMS 0x00000000eae00000, 0x00000000eae00000| Untracked 
| 175|0x00000000eaf00000, 0x00000000eaf00000, 0x00000000eb000000|  0%| F|  |TAMS 0x00000000eaf00000, 0x00000000eaf00000| Untracked 
| 176|0x00000000eb000000, 0x00000000eb000000, 0x00000000eb100000|  0%| F|  |TAMS 0x00000000eb000000, 0x00000000eb000000| Untracked 
| 177|0x00000000eb100000, 0x00000000eb100000, 0x00000000eb200000|  0%| F|  |TAMS 0x00000000eb100000, 0x00000000eb100000| Untracked 
| 178|0x00000000eb200000, 0x00000000eb200000, 0x00000000eb300000|  0%| F|  |TAMS 0x00000000eb200000, 0x00000000eb200000| Untracked 
| 179|0x00000000eb300000, 0x00000000eb300000, 0x00000000eb400000|  0%| F|  |TAMS 0x00000000eb300000, 0x00000000eb300000| Untracked 
| 180|0x00000000eb400000, 0x00000000eb400000, 0x00000000eb500000|  0%| F|  |TAMS 0x00000000eb400000, 0x00000000eb400000| Untracked 
| 181|0x00000000eb500000, 0x00000000eb500000, 0x00000000eb600000|  0%| F|  |TAMS 0x00000000eb500000, 0x00000000eb500000| Untracked 
| 182|0x00000000eb600000, 0x00000000eb600000, 0x00000000eb700000|  0%| F|  |TAMS 0x00000000eb600000, 0x00000000eb600000| Untracked 
| 183|0x00000000eb700000, 0x00000000eb700000, 0x00000000eb800000|  0%| F|  |TAMS 0x00000000eb700000, 0x00000000eb700000| Untracked 
| 184|0x00000000eb800000, 0x00000000eb800000, 0x00000000eb900000|  0%| F|  |TAMS 0x00000000eb800000, 0x00000000eb800000| Untracked 
| 185|0x00000000eb900000, 0x00000000eb900000, 0x00000000eba00000|  0%| F|  |TAMS 0x00000000eb900000, 0x00000000eb900000| Untracked 
| 186|0x00000000eba00000, 0x00000000eba00000, 0x00000000ebb00000|  0%| F|  |TAMS 0x00000000eba00000, 0x00000000eba00000| Untracked 
| 187|0x00000000ebb00000, 0x00000000ebb00000, 0x00000000ebc00000|  0%| F|  |TAMS 0x00000000ebb00000, 0x00000000ebb00000| Untracked 
| 188|0x00000000ebc00000, 0x00000000ebc00000, 0x00000000ebd00000|  0%| F|  |TAMS 0x00000000ebc00000, 0x00000000ebc00000| Untracked 
| 189|0x00000000ebd00000, 0x00000000ebd00000, 0x00000000ebe00000|  0%| F|  |TAMS 0x00000000ebd00000, 0x00000000ebd00000| Untracked 
| 190|0x00000000ebe00000, 0x00000000ebe00000, 0x00000000ebf00000|  0%| F|  |TAMS 0x00000000ebe00000, 0x00000000ebe00000| Untracked 
| 191|0x00000000ebf00000, 0x00000000ebf00000, 0x00000000ec000000|  0%| F|  |TAMS 0x00000000ebf00000, 0x00000000ebf00000| Untracked 
| 192|0x00000000ec000000, 0x00000000ec000000, 0x00000000ec100000|  0%| F|  |TAMS 0x00000000ec000000, 0x00000000ec000000| Untracked 
| 193|0x00000000ec100000, 0x00000000ec100000, 0x00000000ec200000|  0%| F|  |TAMS 0x00000000ec100000, 0x00000000ec100000| Untracked 
| 194|0x00000000ec200000, 0x00000000ec200000, 0x00000000ec300000|  0%| F|  |TAMS 0x00000000ec200000, 0x00000000ec200000| Untracked 
| 195|0x00000000ec300000, 0x00000000ec300000, 0x00000000ec400000|  0%| F|  |TAMS 0x00000000ec300000, 0x00000000ec300000| Untracked 
| 196|0x00000000ec400000, 0x00000000ec400000, 0x00000000ec500000|  0%| F|  |TAMS 0x00000000ec400000, 0x00000000ec400000| Untracked 
| 197|0x00000000ec500000, 0x00000000ec500000, 0x00000000ec600000|  0%| F|  |TAMS 0x00000000ec500000, 0x00000000ec500000| Untracked 
| 198|0x00000000ec600000, 0x00000000ec600000, 0x00000000ec700000|  0%| F|  |TAMS 0x00000000ec600000, 0x00000000ec600000| Untracked 
| 199|0x00000000ec700000, 0x00000000ec700000, 0x00000000ec800000|  0%| F|  |TAMS 0x00000000ec700000, 0x00000000ec700000| Untracked 
| 200|0x00000000ec800000, 0x00000000ec800000, 0x00000000ec900000|  0%| F|  |TAMS 0x00000000ec800000, 0x00000000ec800000| Untracked 
| 201|0x00000000ec900000, 0x00000000ec900000, 0x00000000eca00000|  0%| F|  |TAMS 0x00000000ec900000, 0x00000000ec900000| Untracked 
| 202|0x00000000eca00000, 0x00000000eca00000, 0x00000000ecb00000|  0%| F|  |TAMS 0x00000000eca00000, 0x00000000eca00000| Untracked 
| 203|0x00000000ecb00000, 0x00000000ecb00000, 0x00000000ecc00000|  0%| F|  |TAMS 0x00000000ecb00000, 0x00000000ecb00000| Untracked 
| 204|0x00000000ecc00000, 0x00000000ecc00000, 0x00000000ecd00000|  0%| F|  |TAMS 0x00000000ecc00000, 0x00000000ecc00000| Untracked 
| 205|0x00000000ecd00000, 0x00000000ecd00000, 0x00000000ece00000|  0%| F|  |TAMS 0x00000000ecd00000, 0x00000000ecd00000| Untracked 
| 206|0x00000000ece00000, 0x00000000ece00000, 0x00000000ecf00000|  0%| F|  |TAMS 0x00000000ece00000, 0x00000000ece00000| Untracked 
| 207|0x00000000ecf00000, 0x00000000ecf00000, 0x00000000ed000000|  0%| F|  |TAMS 0x00000000ecf00000, 0x00000000ecf00000| Untracked 
| 208|0x00000000ed000000, 0x00000000ed000000, 0x00000000ed100000|  0%| F|  |TAMS 0x00000000ed000000, 0x00000000ed000000| Untracked 
| 209|0x00000000ed100000, 0x00000000ed100000, 0x00000000ed200000|  0%| F|  |TAMS 0x00000000ed100000, 0x00000000ed100000| Untracked 
| 210|0x00000000ed200000, 0x00000000ed200000, 0x00000000ed300000|  0%| F|  |TAMS 0x00000000ed200000, 0x00000000ed200000| Untracked 
| 211|0x00000000ed300000, 0x00000000ed300000, 0x00000000ed400000|  0%| F|  |TAMS 0x00000000ed300000, 0x00000000ed300000| Untracked 
| 212|0x00000000ed400000, 0x00000000ed400000, 0x00000000ed500000|  0%| F|  |TAMS 0x00000000ed400000, 0x00000000ed400000| Untracked 
| 213|0x00000000ed500000, 0x00000000ed500000, 0x00000000ed600000|  0%| F|  |TAMS 0x00000000ed500000, 0x00000000ed500000| Untracked 
| 214|0x00000000ed600000, 0x00000000ed600000, 0x00000000ed700000|  0%| F|  |TAMS 0x00000000ed600000, 0x00000000ed600000| Untracked 
| 215|0x00000000ed700000, 0x00000000ed700000, 0x00000000ed800000|  0%| F|  |TAMS 0x00000000ed700000, 0x00000000ed700000| Untracked 
| 216|0x00000000ed800000, 0x00000000ed800000, 0x00000000ed900000|  0%| F|  |TAMS 0x00000000ed800000, 0x00000000ed800000| Untracked 
| 217|0x00000000ed900000, 0x00000000ed900000, 0x00000000eda00000|  0%| F|  |TAMS 0x00000000ed900000, 0x00000000ed900000| Untracked 
| 218|0x00000000eda00000, 0x00000000eda00000, 0x00000000edb00000|  0%| F|  |TAMS 0x00000000eda00000, 0x00000000eda00000| Untracked 
| 219|0x00000000edb00000, 0x00000000edb00000, 0x00000000edc00000|  0%| F|  |TAMS 0x00000000edb00000, 0x00000000edb00000| Untracked 
| 220|0x00000000edc00000, 0x00000000edc00000, 0x00000000edd00000|  0%| F|  |TAMS 0x00000000edc00000, 0x00000000edc00000| Untracked 
| 221|0x00000000edd00000, 0x00000000edd00000, 0x00000000ede00000|  0%| F|  |TAMS 0x00000000edd00000, 0x00000000edd00000| Untracked 
| 222|0x00000000ede00000, 0x00000000ede00000, 0x00000000edf00000|  0%| F|  |TAMS 0x00000000ede00000, 0x00000000ede00000| Untracked 
| 223|0x00000000edf00000, 0x00000000edf00000, 0x00000000ee000000|  0%| F|  |TAMS 0x00000000edf00000, 0x00000000edf00000| Untracked 
| 224|0x00000000ee000000, 0x00000000ee000000, 0x00000000ee100000|  0%| F|  |TAMS 0x00000000ee000000, 0x00000000ee000000| Untracked 
| 225|0x00000000ee100000, 0x00000000ee100000, 0x00000000ee200000|  0%| F|  |TAMS 0x00000000ee100000, 0x00000000ee100000| Untracked 
| 226|0x00000000ee200000, 0x00000000ee200000, 0x00000000ee300000|  0%| F|  |TAMS 0x00000000ee200000, 0x00000000ee200000| Untracked 
| 227|0x00000000ee300000, 0x00000000ee300000, 0x00000000ee400000|  0%| F|  |TAMS 0x00000000ee300000, 0x00000000ee300000| Untracked 
| 228|0x00000000ee400000, 0x00000000ee400000, 0x00000000ee500000|  0%| F|  |TAMS 0x00000000ee400000, 0x00000000ee400000| Untracked 
| 229|0x00000000ee500000, 0x00000000ee500000, 0x00000000ee600000|  0%| F|  |TAMS 0x00000000ee500000, 0x00000000ee500000| Untracked 
| 230|0x00000000ee600000, 0x00000000ee600000, 0x00000000ee700000|  0%| F|  |TAMS 0x00000000ee600000, 0x00000000ee600000| Untracked 
| 231|0x00000000ee700000, 0x00000000ee700000, 0x00000000ee800000|  0%| F|  |TAMS 0x00000000ee700000, 0x00000000ee700000| Untracked 
| 232|0x00000000ee800000, 0x00000000ee800000, 0x00000000ee900000|  0%| F|  |TAMS 0x00000000ee800000, 0x00000000ee800000| Untracked 
| 233|0x00000000ee900000, 0x00000000ee900000, 0x00000000eea00000|  0%| F|  |TAMS 0x00000000ee900000, 0x00000000ee900000| Untracked 
| 234|0x00000000eea00000, 0x00000000eea00000, 0x00000000eeb00000|  0%| F|  |TAMS 0x00000000eea00000, 0x00000000eea00000| Untracked 
| 235|0x00000000eeb00000, 0x00000000eeb00000, 0x00000000eec00000|  0%| F|  |TAMS 0x00000000eeb00000, 0x00000000eeb00000| Untracked 
| 236|0x00000000eec00000, 0x00000000eec00000, 0x00000000eed00000|  0%| F|  |TAMS 0x00000000eec00000, 0x00000000eec00000| Untracked 
| 237|0x00000000eed00000, 0x00000000eed00000, 0x00000000eee00000|  0%| F|  |TAMS 0x00000000eed00000, 0x00000000eed00000| Untracked 
| 238|0x00000000eee00000, 0x00000000eee00000, 0x00000000eef00000|  0%| F|  |TAMS 0x00000000eee00000, 0x00000000eee00000| Untracked 
| 239|0x00000000eef00000, 0x00000000eef82288, 0x00000000ef000000| 50%| E|  |TAMS 0x00000000eef00000, 0x00000000eef00000| Complete 
| 240|0x00000000ef000000, 0x00000000ef100000, 0x00000000ef100000|100%| E|CS|TAMS 0x00000000ef000000, 0x00000000ef000000| Complete 
| 241|0x00000000ef100000, 0x00000000ef200000, 0x00000000ef200000|100%| E|CS|TAMS 0x00000000ef100000, 0x00000000ef100000| Complete 
| 242|0x00000000ef200000, 0x00000000ef300000, 0x00000000ef300000|100%| E|CS|TAMS 0x00000000ef200000, 0x00000000ef200000| Complete 
| 243|0x00000000ef300000, 0x00000000ef400000, 0x00000000ef400000|100%| E|CS|TAMS 0x00000000ef300000, 0x00000000ef300000| Complete 
| 244|0x00000000ef400000, 0x00000000ef500000, 0x00000000ef500000|100%| E|CS|TAMS 0x00000000ef400000, 0x00000000ef400000| Complete 
| 245|0x00000000ef500000, 0x00000000ef600000, 0x00000000ef600000|100%| E|CS|TAMS 0x00000000ef500000, 0x00000000ef500000| Complete 
| 246|0x00000000ef600000, 0x00000000ef700000, 0x00000000ef700000|100%| E|CS|TAMS 0x00000000ef600000, 0x00000000ef600000| Complete 
| 247|0x00000000ef700000, 0x00000000ef800000, 0x00000000ef800000|100%| E|CS|TAMS 0x00000000ef700000, 0x00000000ef700000| Complete 
| 248|0x00000000ef800000, 0x00000000ef900000, 0x00000000ef900000|100%| E|CS|TAMS 0x00000000ef800000, 0x00000000ef800000| Complete 
| 249|0x00000000ef900000, 0x00000000efa00000, 0x00000000efa00000|100%| E|CS|TAMS 0x00000000ef900000, 0x00000000ef900000| Complete 
| 250|0x00000000efa00000, 0x00000000efb00000, 0x00000000efb00000|100%| E|CS|TAMS 0x00000000efa00000, 0x00000000efa00000| Complete 
| 251|0x00000000efb00000, 0x00000000efc00000, 0x00000000efc00000|100%| E|CS|TAMS 0x00000000efb00000, 0x00000000efb00000| Complete 
| 252|0x00000000efc00000, 0x00000000efd00000, 0x00000000efd00000|100%| E|CS|TAMS 0x00000000efc00000, 0x00000000efc00000| Complete 
| 253|0x00000000efd00000, 0x00000000efe00000, 0x00000000efe00000|100%| E|CS|TAMS 0x00000000efd00000, 0x00000000efd00000| Complete 
| 254|0x00000000efe00000, 0x00000000eff00000, 0x00000000eff00000|100%| E|CS|TAMS 0x00000000efe00000, 0x00000000efe00000| Complete 
| 255|0x00000000eff00000, 0x00000000f0000000, 0x00000000f0000000|100%| E|CS|TAMS 0x00000000eff00000, 0x00000000eff00000| Complete 

Card table byte_map: [0x0000021955d00000,0x0000021955e00000] _byte_map_base: 0x0000021955600000

Marking Bits (Prev, Next): (CMBitMap*) 0x00000219431fede0, (CMBitMap*) 0x00000219431fee20
 Prev Bits: [0x0000021955f00000, 0x0000021956700000)
 Next Bits: [0x0000021956700000, 0x0000021956f00000)

Polling page: 0x00000219410f0000

Metaspace:

Usage:
  Non-class:     45.88 MB used.
      Class:      7.03 MB used.
       Both:     52.91 MB used.

Virtual space:
  Non-class space:       64.00 MB reserved,      46.12 MB ( 72%) committed,  1 nodes.
      Class space:      320.00 MB reserved,       7.31 MB (  2%) committed,  1 nodes.
             Both:      384.00 MB reserved,      53.44 MB ( 14%) committed. 

Chunk freelists:
   Non-Class:  1.78 MB
       Class:  8.73 MB
        Both:  10.52 MB

MaxMetaspaceSize: 384.00 MB
CompressedClassSpaceSize: 320.00 MB
Initial GC threshold: 21.00 MB
Current GC threshold: 59.19 MB
CDS: off
MetaspaceReclaimPolicy: balanced
 - commit_granule_bytes: 65536.
 - commit_granule_words: 8192.
 - virtual_space_node_default_size: 8388608.
 - enlarge_chunks_in_place: 1.
 - new_chunks_are_fully_committed: 0.
 - uncommit_free_chunks: 1.
 - use_allocation_guard: 0.
 - handle_deallocations: 1.


Internal statistics:

num_allocs_failed_limit: 9.
num_arena_births: 576.
num_arena_deaths: 0.
num_vsnodes_births: 2.
num_vsnodes_deaths: 0.
num_space_committed: 855.
num_space_uncommitted: 0.
num_chunks_returned_to_freelist: 9.
num_chunks_taken_from_freelist: 2347.
num_chunk_merges: 9.
num_chunk_splits: 1557.
num_chunks_enlarged: 1085.
num_inconsistent_stats: 0.

CodeHeap 'non-profiled nmethods': size=120000Kb used=2692Kb max_used=2692Kb free=117307Kb
 bounds [0x000002194e170000, 0x000002194e420000, 0x00000219556a0000]
CodeHeap 'profiled nmethods': size=120000Kb used=9817Kb max_used=9817Kb free=110182Kb
 bounds [0x00000219466a0000, 0x0000021947040000, 0x000002194dbd0000]
CodeHeap 'non-nmethods': size=5760Kb used=2314Kb max_used=2349Kb free=3445Kb
 bounds [0x000002194dbd0000, 0x000002194de40000, 0x000002194e170000]
 total_blobs=5726 nmethods=4897 adapters=741
 compilation: enabled
              stopped_count=0, restarted_count=0
 full_count=0

Compilation events (20 events):
Event: 11.751 Thread 0x0000021959c6d940 4930       1       org.gradle.internal.snapshot.RegularFileSnapshot::getHash (5 bytes)
Event: 11.751 Thread 0x0000021959c6d940 nmethod 4930 0x000002194e410110 code [0x000002194e4102a0, 0x000002194e410378]
Event: 11.751 Thread 0x0000021959c6d940 4931       3       java.util.Collections::indexedBinarySearch (83 bytes)
Event: 11.752 Thread 0x0000021959c6d940 nmethod 4931 0x000002194702e190 code [0x000002194702e380, 0x000002194702e968]
Event: 11.755 Thread 0x0000021959c6d940 4933       3       com.google.common.collect.MapMakerInternalMap$Segment::drainKeyReferenceQueue (42 bytes)
Event: 11.756 Thread 0x0000021959c6d940 nmethod 4933 0x000002194702eb10 code [0x000002194702ed20, 0x000002194702f568]
Event: 11.756 Thread 0x0000021959c6d940 4932       3       com.google.common.collect.MapMakerInternalMap$WeakKeyDummyValueSegment::maybeDrainReferenceQueues (9 bytes)
Event: 11.756 Thread 0x0000021959c6d940 nmethod 4932 0x000002194702f910 code [0x000002194702faa0, 0x000002194702fc68]
Event: 11.757 Thread 0x0000021959c6d940 4934       3       com.google.common.cache.LocalCache$Segment::recordRead (29 bytes)
Event: 11.757 Thread 0x0000021959c6d940 nmethod 4934 0x000002194702fd10 code [0x000002194702fee0, 0x00000219470302f8]
Event: 11.757 Thread 0x0000021959c6d940 4935       3       com.google.common.cache.LocalCache$Segment::scheduleRefresh (66 bytes)
Event: 11.758 Thread 0x0000021959c6d940 nmethod 4935 0x0000021947030490 code [0x0000021947030680, 0x0000021947030c98]
Event: 11.758 Thread 0x0000021959c6d940 4936       3       org.gradle.internal.snapshot.SnapshotUtil::getMetadataFromChildren (21 bytes)
Event: 11.758 Thread 0x0000021959c6d940 nmethod 4936 0x0000021947030e90 code [0x0000021947031060, 0x00000219470314c8]
Event: 11.758 Thread 0x0000021959c6d940 4937       3       org.gradle.internal.snapshot.SnapshotUtil$1::<init> (15 bytes)
Event: 11.758 Thread 0x0000021959c6d940 nmethod 4937 0x0000021947031690 code [0x0000021947031840, 0x0000021947031a58]
Event: 11.781 Thread 0x0000021959c6d940 4939       1       org.gradle.internal.instantiation.generator.AbstractClassGenerator$PropertyMetadata::field (6 bytes)
Event: 11.782 Thread 0x0000021959c6d940 nmethod 4939 0x000002194e410410 code [0x000002194e4105a0, 0x000002194e4106b8]
Event: 11.783 Thread 0x0000021959c6d940 4940       3       com.esotericsoftware.kryo.io.Output::require (209 bytes)
Event: 11.784 Thread 0x0000021959c6d940 nmethod 4940 0x0000021947031b10 code [0x0000021947031de0, 0x0000021947032818]

GC Heap History (16 events):
Event: 1.042 GC heap before
{Heap before GC invocations=0 (full 0):
 garbage-first heap   total 262144K, used 22528K [0x00000000e0000000, 0x0000000100000000)
  region size 1024K, 23 young (23552K), 0 survivors (0K)
 Metaspace       used 7705K, committed 7872K, reserved 393216K
  class space    used 673K, committed 768K, reserved 327680K
}
Event: 1.045 GC heap after
{Heap after GC invocations=1 (full 0):
 garbage-first heap   total 262144K, used 1823K [0x00000000e0000000, 0x0000000100000000)
  region size 1024K, 2 young (2048K), 2 survivors (2048K)
 Metaspace       used 7705K, committed 7872K, reserved 393216K
  class space    used 673K, committed 768K, reserved 327680K
}
Event: 1.928 GC heap before
{Heap before GC invocations=1 (full 0):
 garbage-first heap   total 262144K, used 40735K [0x00000000e0000000, 0x0000000100000000)
  region size 1024K, 38 young (38912K), 2 survivors (2048K)
 Metaspace       used 11892K, committed 12096K, reserved 393216K
  class space    used 1259K, committed 1344K, reserved 327680K
}
Event: 1.932 GC heap after
{Heap after GC invocations=2 (full 0):
 garbage-first heap   total 262144K, used 11141K [0x00000000e0000000, 0x0000000100000000)
  region size 1024K, 5 young (5120K), 5 survivors (5120K)
 Metaspace       used 11892K, committed 12096K, reserved 393216K
  class space    used 1259K, committed 1344K, reserved 327680K
}
Event: 2.691 GC heap before
{Heap before GC invocations=2 (full 0):
 garbage-first heap   total 262144K, used 61317K [0x00000000e0000000, 0x0000000100000000)
  region size 1024K, 52 young (53248K), 5 survivors (5120K)
 Metaspace       used 12163K, committed 12352K, reserved 393216K
  class space    used 1295K, committed 1408K, reserved 327680K
}
Event: 2.696 GC heap after
{Heap after GC invocations=3 (full 0):
 garbage-first heap   total 262144K, used 16131K [0x00000000e0000000, 0x0000000100000000)
  region size 1024K, 5 young (5120K), 5 survivors (5120K)
 Metaspace       used 12163K, committed 12352K, reserved 393216K
  class space    used 1295K, committed 1408K, reserved 327680K
}
Event: 4.350 GC heap before
{Heap before GC invocations=3 (full 0):
 garbage-first heap   total 262144K, used 51971K [0x00000000e0000000, 0x0000000100000000)
  region size 1024K, 41 young (41984K), 5 survivors (5120K)
 Metaspace       used 21334K, committed 21504K, reserved 393216K
  class space    used 2502K, committed 2624K, reserved 327680K
}
Event: 4.359 GC heap after
{Heap after GC invocations=4 (full 0):
 garbage-first heap   total 262144K, used 19846K [0x00000000e0000000, 0x0000000100000000)
  region size 1024K, 8 young (8192K), 8 survivors (8192K)
 Metaspace       used 21334K, committed 21504K, reserved 393216K
  class space    used 2502K, committed 2624K, reserved 327680K
}
Event: 7.587 GC heap before
{Heap before GC invocations=5 (full 0):
 garbage-first heap   total 262144K, used 126342K [0x00000000e0000000, 0x0000000100000000)
  region size 1024K, 114 young (116736K), 8 survivors (8192K)
 Metaspace       used 35633K, committed 35968K, reserved 393216K
  class space    used 4867K, committed 5056K, reserved 327680K
}
Event: 7.619 GC heap after
{Heap after GC invocations=6 (full 0):
 garbage-first heap   total 262144K, used 25671K [0x00000000e0000000, 0x0000000100000000)
  region size 1024K, 14 young (14336K), 14 survivors (14336K)
 Metaspace       used 35633K, committed 35968K, reserved 393216K
  class space    used 4867K, committed 5056K, reserved 327680K
}
Event: 7.700 GC heap before
{Heap before GC invocations=6 (full 0):
 garbage-first heap   total 262144K, used 26695K [0x00000000e0000000, 0x0000000100000000)
  region size 1024K, 15 young (15360K), 14 survivors (14336K)
 Metaspace       used 35774K, committed 36160K, reserved 393216K
  class space    used 4897K, committed 5056K, reserved 327680K
}
Event: 7.715 GC heap after
{Heap after GC invocations=7 (full 0):
 garbage-first heap   total 262144K, used 26742K [0x00000000e0000000, 0x0000000100000000)
  region size 1024K, 2 young (2048K), 2 survivors (2048K)
 Metaspace       used 35774K, committed 36160K, reserved 393216K
  class space    used 4897K, committed 5056K, reserved 327680K
}
Event: 7.728 GC heap before
{Heap before GC invocations=7 (full 0):
 garbage-first heap   total 262144K, used 27766K [0x00000000e0000000, 0x0000000100000000)
  region size 1024K, 4 young (4096K), 2 survivors (2048K)
 Metaspace       used 35901K, committed 36288K, reserved 393216K
  class space    used 4918K, committed 5120K, reserved 327680K
}
Event: 7.729 GC heap after
{Heap after GC invocations=8 (full 0):
 garbage-first heap   total 262144K, used 25338K [0x00000000e0000000, 0x0000000100000000)
  region size 1024K, 1 young (1024K), 1 survivors (1024K)
 Metaspace       used 35901K, committed 36288K, reserved 393216K
  class space    used 4918K, committed 5120K, reserved 327680K
}
Event: 11.453 GC heap before
{Heap before GC invocations=9 (full 0):
 garbage-first heap   total 262144K, used 187130K [0x00000000e0000000, 0x0000000100000000)
  region size 1024K, 153 young (156672K), 1 survivors (1024K)
 Metaspace       used 52051K, committed 52544K, reserved 393216K
  class space    used 6880K, committed 7104K, reserved 327680K
}
Event: 11.462 GC heap after
{Heap after GC invocations=10 (full 0):
 garbage-first heap   total 262144K, used 34826K [0x00000000e0000000, 0x0000000100000000)
  region size 1024K, 10 young (10240K), 10 survivors (10240K)
 Metaspace       used 52051K, committed 52544K, reserved 393216K
  class space    used 6880K, committed 7104K, reserved 327680K
}

Dll operation events (3 events):
Event: 0.048 Loaded shared library D:\Android\Android_Studio\jbr\bin\java.dll
Event: 0.510 Loaded shared library D:\Android\Android_Studio\jbr\bin\zip.dll
Event: 1.220 Loaded shared library D:\Android\Android_Studio\jbr\bin\verify.dll

Deoptimization events (20 events):
Event: 9.881 Thread 0x00000219602379d0 DEOPT PACKING pc=0x000002194e1ddde4 sp=0x0000008bbb1f71a0
Event: 9.881 Thread 0x00000219602379d0 DEOPT UNPACKING pc=0x000002194dc269a3 sp=0x0000008bbb1f7048 mode 2
Event: 10.040 Thread 0x00000219602379d0 DEOPT PACKING pc=0x0000021946aecd43 sp=0x0000008bbb1f9930
Event: 10.040 Thread 0x00000219602379d0 DEOPT UNPACKING pc=0x000002194dc27143 sp=0x0000008bbb1f8e50 mode 0
Event: 10.232 Thread 0x00000219602379d0 DEOPT PACKING pc=0x0000021946d6e3d9 sp=0x0000008bbb1f9520
Event: 10.232 Thread 0x00000219602379d0 DEOPT UNPACKING pc=0x000002194dc27143 sp=0x0000008bbb1f8a18 mode 0
Event: 10.232 Thread 0x00000219602379d0 DEOPT PACKING pc=0x0000021946d587ce sp=0x0000008bbb1f9530
Event: 10.232 Thread 0x00000219602379d0 DEOPT UNPACKING pc=0x000002194dc27143 sp=0x0000008bbb1f8a20 mode 0
Event: 10.239 Thread 0x00000219602379d0 DEOPT PACKING pc=0x0000021946d6e3d9 sp=0x0000008bbb1f9360
Event: 10.239 Thread 0x00000219602379d0 DEOPT UNPACKING pc=0x000002194dc27143 sp=0x0000008bbb1f8858 mode 0
Event: 10.241 Thread 0x00000219602379d0 DEOPT PACKING pc=0x0000021946d587ce sp=0x0000008bbb1f9370
Event: 10.241 Thread 0x00000219602379d0 DEOPT UNPACKING pc=0x000002194dc27143 sp=0x0000008bbb1f8860 mode 0
Event: 11.100 Thread 0x00000219602379d0 Uncommon trap: trap_request=0xffffff45 fr.pc=0x000002194e385d30 relative=0x0000000000000110
Event: 11.100 Thread 0x00000219602379d0 Uncommon trap: reason=unstable_if action=reinterpret pc=0x000002194e385d30 method=java.util.Arrays.hashCode([Ljava/lang/Object;)I @ 34 c2
Event: 11.100 Thread 0x00000219602379d0 DEOPT PACKING pc=0x000002194e385d30 sp=0x0000008bbb1fb500
Event: 11.100 Thread 0x00000219602379d0 DEOPT UNPACKING pc=0x000002194dc269a3 sp=0x0000008bbb1fb478 mode 2
Event: 11.654 Thread 0x00000219602379d0 Uncommon trap: trap_request=0xffffff45 fr.pc=0x000002194e406590 relative=0x0000000000000330
Event: 11.654 Thread 0x00000219602379d0 Uncommon trap: reason=unstable_if action=reinterpret pc=0x000002194e406590 method=org.antlr.v4.runtime.BufferedTokenStream.lazyInit()V @ 5 c2
Event: 11.654 Thread 0x00000219602379d0 DEOPT PACKING pc=0x000002194e406590 sp=0x0000008bbb1fb390
Event: 11.654 Thread 0x00000219602379d0 DEOPT UNPACKING pc=0x000002194dc269a3 sp=0x0000008bbb1fb2c8 mode 2

Classes unloaded (0 events):
No events

Classes redefined (0 events):
No events

Internal exceptions (20 events):
Event: 10.914 Thread 0x00000219602379d0 Exception <a 'java/lang/NoSuchMethodError'{0x00000000e80421d8}: 'java.lang.Object java.lang.invoke.DirectMethodHandle$Holder.newInvokeSpecial(java.lang.Object, java.lang.Object, java.lang.Object, java.lang.Object, java.lang.Object, java.lang.Object, java.lang.Object, java.lang.Object, java.lang.Object, java.lang.Object, java.lang.Object, java.lang.Object)'> (0x00000000e80421d8) 
thrown [s\src\hotspot\share\interpreter\linkResolver.cpp, line 771]
Event: 10.914 Thread 0x00000219602379d0 Exception <a 'java/lang/NoSuchMethodError'{0x00000000e8047ef8}: 'java.lang.Object java.lang.invoke.DirectMethodHandle$Holder.invokeSpecial(java.lang.Object, java.lang.Object, java.lang.Object, java.lang.Object, java.lang.Object, java.lang.Object, java.lang.Object, java.lang.Object, java.lang.Object, java.lang.Object, java.lang.Object, java.lang.Object, java.lang.Object)'> (0x00000000e8047ef8) 
thrown [s\src\hotspot\share\interpreter\linkResolver.cpp, line 771]
Event: 10.915 Thread 0x00000219602379d0 Exception <a 'java/lang/NoSuchMethodError'{0x00000000e804d718}: 'java.lang.Object java.lang.invoke.Invokers$Holder.linkToTargetMethod(java.lang.Object, java.lang.Object, java.lang.Object, java.lang.Object, java.lang.Object, java.lang.Object, java.lang.Object, java.lang.Object, java.lang.Object, java.lang.Object, java.lang.Object, java.lang.Object)'> (0x00000000e804d718) 
thrown [s\src\hotspot\share\interpreter\linkResolver.cpp, line 771]
Event: 11.084 Thread 0x00000219602379d0 Exception <a 'java/lang/NoSuchMethodError'{0x00000000e79b4a58}: 'void java.lang.invoke.DirectMethodHandle$Holder.invokeInterface(java.lang.Object, java.lang.Object)'> (0x00000000e79b4a58) 
thrown [s\src\hotspot\share\interpreter\linkResolver.cpp, line 771]
Event: 11.100 Thread 0x00000219602379d0 Implicit null exception at 0x000002194e385c6c to 0x000002194e385d14
Event: 11.245 Thread 0x00000219602379d0 Exception <a 'java/lang/NoSuchMethodError'{0x00000000e7127e38}: 'java.lang.Object java.lang.invoke.DirectMethodHandle$Holder.newInvokeSpecial(java.lang.Object, int, java.lang.Object)'> (0x00000000e7127e38) 
thrown [s\src\hotspot\share\interpreter\linkResolver.cpp, line 771]
Event: 11.320 Thread 0x00000219602379d0 Exception <a 'java/lang/NoSuchMethodError'{0x00000000e6d18798}: 'java.lang.Object java.lang.invoke.DirectMethodHandle$Holder.newInvokeSpecial(java.lang.Object, java.lang.Object, java.lang.Object, int, java.lang.Object)'> (0x00000000e6d18798) 
thrown [s\src\hotspot\share\interpreter\linkResolver.cpp, line 771]
Event: 11.320 Thread 0x00000219602379d0 Exception <a 'java/lang/NoSuchMethodError'{0x00000000e6d20960}: 'java.lang.Object java.lang.invoke.Invokers$Holder.linkToTargetMethod(java.lang.Object, java.lang.Object, int, java.lang.Object, java.lang.Object)'> (0x00000000e6d20960) 
thrown [s\src\hotspot\share\interpreter\linkResolver.cpp, line 771]
Event: 11.378 Thread 0x00000219602379d0 Exception <a 'sun/nio/fs/WindowsException'{0x00000000e6abe000}> (0x00000000e6abe000) 
thrown [s\src\hotspot\share\prims\jni.cpp, line 531]
Event: 11.379 Thread 0x00000219602379d0 Exception <a 'sun/nio/fs/WindowsException'{0x00000000e6abe2f8}> (0x00000000e6abe2f8) 
thrown [s\src\hotspot\share\prims\jni.cpp, line 531]
Event: 11.379 Thread 0x00000219602379d0 Exception <a 'sun/nio/fs/WindowsException'{0x00000000e6ac0a00}> (0x00000000e6ac0a00) 
thrown [s\src\hotspot\share\prims\jni.cpp, line 531]
Event: 11.379 Thread 0x00000219602379d0 Exception <a 'sun/nio/fs/WindowsException'{0x00000000e6ac0df0}> (0x00000000e6ac0df0) 
thrown [s\src\hotspot\share\prims\jni.cpp, line 531]
Event: 11.400 Thread 0x00000219602379d0 Exception <a 'java/lang/NoSuchMethodError'{0x00000000e69e90e8}: 'java.lang.Object java.lang.invoke.DirectMethodHandle$Holder.newInvokeSpecial(java.lang.Object, java.lang.Object, java.lang.Object, int)'> (0x00000000e69e90e8) 
thrown [s\src\hotspot\share\interpreter\linkResolver.cpp, line 771]
Event: 11.401 Thread 0x00000219602379d0 Exception <a 'java/lang/NoSuchMethodError'{0x00000000e69edf68}: 'java.lang.Object java.lang.invoke.DirectMethodHandle$Holder.invokeSpecial(java.lang.Object, java.lang.Object, java.lang.Object, java.lang.Object, int)'> (0x00000000e69edf68) 
thrown [s\src\hotspot\share\interpreter\linkResolver.cpp, line 771]
Event: 11.401 Thread 0x00000219602379d0 Exception <a 'java/lang/NoSuchMethodError'{0x00000000e69f25d0}: 'java.lang.Object java.lang.invoke.Invokers$Holder.linkToTargetMethod(java.lang.Object, java.lang.Object, int, java.lang.Object)'> (0x00000000e69f25d0) 
thrown [s\src\hotspot\share\interpreter\linkResolver.cpp, line 771]
Event: 11.426 Thread 0x00000219602379d0 Exception <a 'sun/nio/fs/WindowsException'{0x00000000e68e3b68}> (0x00000000e68e3b68) 
thrown [s\src\hotspot\share\prims\jni.cpp, line 531]
Event: 11.426 Thread 0x00000219602379d0 Exception <a 'sun/nio/fs/WindowsException'{0x00000000e68e3f58}> (0x00000000e68e3f58) 
thrown [s\src\hotspot\share\prims\jni.cpp, line 531]
Event: 11.440 Thread 0x00000219602379d0 Exception <a 'java/lang/NoSuchMethodError'{0x00000000e67607f8}: 'void java.lang.invoke.DirectMethodHandle$Holder.invokeSpecial(java.lang.Object, java.lang.Object, java.lang.Object, java.lang.Object, java.lang.Object, java.lang.Object)'> (0x00000000e67607f8) 
thrown [s\src\hotspot\share\interpreter\linkResolver.cpp, line 771]
Event: 11.509 Thread 0x00000219602379d0 Exception <a 'java/lang/NoSuchMethodError'{0x00000000efd8c160}: 'int java.lang.invoke.DirectMethodHandle$Holder.invokeInterface(java.lang.Object, java.lang.Object, java.lang.Object, java.lang.Object, java.lang.Object)'> (0x00000000efd8c160) 
thrown [s\src\hotspot\share\interpreter\linkResolver.cpp, line 771]
Event: 11.698 Thread 0x00000219602379d0 Exception <a 'java/lang/NoSuchMethodError'{0x00000000ef49bab8}: 'void java.lang.invoke.DirectMethodHandle$Holder.invokeStatic(java.lang.Object, java.lang.Object, java.lang.Object, java.lang.Object, java.lang.Object, java.lang.Object, java.lang.Object)'> (0x00000000ef49bab8) 
thrown [s\src\hotspot\share\interpreter\linkResolver.cpp, line 771]

VM Operations (20 events):
Event: 8.670 Executing VM operation: HandshakeAllThreads done
Event: 8.814 Executing VM operation: ICBufferFull
Event: 8.814 Executing VM operation: ICBufferFull done
Event: 9.820 Executing VM operation: Cleanup
Event: 9.820 Executing VM operation: Cleanup done
Event: 9.885 Executing VM operation: HandshakeAllThreads
Event: 9.885 Executing VM operation: HandshakeAllThreads done
Event: 10.895 Executing VM operation: Cleanup
Event: 10.895 Executing VM operation: Cleanup done
Event: 11.198 Executing VM operation: HandshakeAllThreads
Event: 11.198 Executing VM operation: HandshakeAllThreads done
Event: 11.453 Executing VM operation: G1CollectForAllocation
Event: 11.462 Executing VM operation: G1CollectForAllocation done
Event: 11.564 Executing VM operation: HandshakeAllThreads
Event: 11.564 Executing VM operation: HandshakeAllThreads done
Event: 11.661 Executing VM operation: HandshakeAllThreads
Event: 11.661 Executing VM operation: HandshakeAllThreads done
Event: 11.714 Executing VM operation: HandshakeAllThreads
Event: 11.714 Executing VM operation: HandshakeAllThreads done
Event: 12.715 Executing VM operation: Cleanup

Events (20 events):
Event: 11.526 loading class java/nio/channels/Channels$ReadableByteChannelImpl
Event: 11.526 loading class java/nio/channels/Channels$ReadableByteChannelImpl done
Event: 11.541 loading class java/util/EmptyStackException
Event: 11.541 loading class java/util/EmptyStackException done
Event: 11.549 loading class java/io/InvalidClassException
Event: 11.549 loading class java/io/InvalidClassException done
Event: 11.563 loading class java/util/ArrayList$ListItr
Event: 11.564 loading class java/util/ArrayList$ListItr done
Event: 11.657 loading class java/util/stream/SortedOps
Event: 11.659 loading class java/util/stream/SortedOps done
Event: 11.659 loading class java/util/stream/SortedOps$OfRef
Event: 11.659 loading class java/util/stream/ReferencePipeline$StatefulOp
Event: 11.660 loading class java/util/stream/ReferencePipeline$StatefulOp done
Event: 11.660 loading class java/util/stream/SortedOps$OfRef done
Event: 11.661 loading class java/util/stream/SortedOps$SizedRefSortingSink
Event: 11.662 loading class java/util/stream/SortedOps$AbstractRefSortingSink
Event: 11.662 loading class java/util/stream/SortedOps$AbstractRefSortingSink done
Event: 11.662 loading class java/util/stream/SortedOps$SizedRefSortingSink done
Event: 11.709 loading class java/util/Comparators$NaturalOrderComparator
Event: 11.709 loading class java/util/Comparators$NaturalOrderComparator done


Dynamic libraries:
0x00007ff63aff0000 - 0x00007ff63affa000 	D:\Android\Android_Studio\jbr\bin\java.exe
0x00007ffe3c4a0000 - 0x00007ffe3c707000 	C:\WINDOWS\SYSTEM32\ntdll.dll
0x00007ffe3a3e0000 - 0x00007ffe3a4a9000 	C:\WINDOWS\System32\KERNEL32.DLL
0x00007ffe39960000 - 0x00007ffe39d50000 	C:\WINDOWS\System32\KERNELBASE.dll
0x00007ffe395d0000 - 0x00007ffe3971b000 	C:\WINDOWS\System32\ucrtbase.dll
0x00007ffe1a200000 - 0x00007ffe1a217000 	D:\Android\Android_Studio\jbr\bin\jli.dll
0x00007ffe1dd40000 - 0x00007ffe1dd5b000 	D:\Android\Android_Studio\jbr\bin\VCRUNTIME140.dll
0x00007ffe3c210000 - 0x00007ffe3c3d5000 	C:\WINDOWS\System32\USER32.dll
0x00007ffe3a160000 - 0x00007ffe3a187000 	C:\WINDOWS\System32\win32u.dll
0x00007ffe3b8e0000 - 0x00007ffe3b90b000 	C:\WINDOWS\System32\GDI32.dll
0x00007ffe3a020000 - 0x00007ffe3a158000 	C:\WINDOWS\System32\gdi32full.dll
0x00007ffe39d60000 - 0x00007ffe39e03000 	C:\WINDOWS\System32\msvcp_win.dll
0x00007ffe25ea0000 - 0x00007ffe2613a000 	C:\WINDOWS\WinSxS\amd64_microsoft.windows.common-controls_6595b64144ccf1df_6.0.26100.4768_none_3e0c112ce331287c\COMCTL32.dll
0x00007ffe3b320000 - 0x00007ffe3b3c9000 	C:\WINDOWS\System32\msvcrt.dll
0x00007ffe3b0c0000 - 0x00007ffe3b0ef000 	C:\WINDOWS\System32\IMM32.DLL
0x00007ffe1dd30000 - 0x00007ffe1dd3c000 	D:\Android\Android_Studio\jbr\bin\vcruntime140_1.dll
0x00007ffe1dca0000 - 0x00007ffe1dd2d000 	D:\Android\Android_Studio\jbr\bin\msvcp140.dll
0x00007ffd984d0000 - 0x00007ffd99153000 	D:\Android\Android_Studio\jbr\bin\server\jvm.dll
0x00007ffe3a320000 - 0x00007ffe3a3d4000 	C:\WINDOWS\System32\ADVAPI32.dll
0x00007ffe3a4b0000 - 0x00007ffe3a556000 	C:\WINDOWS\System32\sechost.dll
0x00007ffe3b100000 - 0x00007ffe3b218000 	C:\WINDOWS\System32\RPCRT4.dll
0x00007ffdcc770000 - 0x00007ffdcc77a000 	C:\WINDOWS\SYSTEM32\WSOCK32.dll
0x00007ffe2f790000 - 0x00007ffe2f7c5000 	C:\WINDOWS\SYSTEM32\WINMM.dll
0x00007ffe39450000 - 0x00007ffe394ae000 	C:\WINDOWS\SYSTEM32\POWRPROF.dll
0x00007ffe3aa10000 - 0x00007ffe3aa84000 	C:\WINDOWS\System32\WS2_32.dll
0x00007ffe30c90000 - 0x00007ffe30c9b000 	C:\WINDOWS\SYSTEM32\VERSION.dll
0x00007ffe39430000 - 0x00007ffe39444000 	C:\WINDOWS\SYSTEM32\UMPDC.dll
0x00007ffe382f0000 - 0x00007ffe3830b000 	C:\WINDOWS\SYSTEM32\kernel.appcore.dll
0x00007ffe34940000 - 0x00007ffe3494a000 	D:\Android\Android_Studio\jbr\bin\jimage.dll
0x00007ffe306b0000 - 0x00007ffe308f1000 	C:\WINDOWS\SYSTEM32\DBGHELP.DLL
0x00007ffe3a680000 - 0x00007ffe3aa05000 	C:\WINDOWS\System32\combase.dll
0x00007ffe3a230000 - 0x00007ffe3a310000 	C:\WINDOWS\System32\OLEAUT32.dll
0x00007ffe18460000 - 0x00007ffe184a3000 	C:\WINDOWS\SYSTEM32\dbgcore.DLL
0x00007ffe3a190000 - 0x00007ffe3a229000 	C:\WINDOWS\System32\bcryptPrimitives.dll
0x00007ffe1a220000 - 0x00007ffe1a22e000 	D:\Android\Android_Studio\jbr\bin\instrument.dll
0x00007ffe1fc70000 - 0x00007ffe1fc95000 	D:\Android\Android_Studio\jbr\bin\java.dll
0x00007ffe1a230000 - 0x00007ffe1a248000 	D:\Android\Android_Studio\jbr\bin\zip.dll
0x00007ffe3b910000 - 0x00007ffe3c05d000 	C:\WINDOWS\System32\SHELL32.dll
0x00007ffe39720000 - 0x00007ffe39893000 	C:\WINDOWS\System32\wintypes.dll
0x00007ffe371a0000 - 0x00007ffe37a00000 	C:\WINDOWS\SYSTEM32\windows.storage.dll
0x00007ffe3a580000 - 0x00007ffe3a675000 	C:\WINDOWS\System32\SHCORE.dll
0x00007ffe3aa90000 - 0x00007ffe3aafa000 	C:\WINDOWS\System32\shlwapi.dll
0x00007ffe394f0000 - 0x00007ffe39519000 	C:\WINDOWS\SYSTEM32\profapi.dll
0x00007ffe19b10000 - 0x00007ffe19b29000 	D:\Android\Android_Studio\jbr\bin\net.dll
0x00007ffe31df0000 - 0x00007ffe31f0e000 	C:\WINDOWS\SYSTEM32\WINHTTP.dll
0x00007ffe388e0000 - 0x00007ffe3894b000 	C:\WINDOWS\system32\mswsock.dll
0x00007ffe0ff70000 - 0x00007ffe0ff86000 	D:\Android\Android_Studio\jbr\bin\nio.dll
0x00007ffe1c880000 - 0x00007ffe1c890000 	D:\Android\Android_Studio\jbr\bin\verify.dll
0x00007ffde3000000 - 0x00007ffde3027000 	C:\Users\Pham Ngoc\.gradle\native\1def1411415f61bf3af743bc5b6707747c0891f09f0c88961ee8f79bc544acac\windows-amd64\native-platform.dll
0x00007ffd58c10000 - 0x00007ffd58c88000 	C:\Users\Pham Ngoc\.gradle\native\0.2.7\x86_64-windows-gnu\gradle-fileevents.dll
0x00007ffe2d3a0000 - 0x00007ffe2d3a9000 	D:\Android\Android_Studio\jbr\bin\management.dll
0x00007ffe1d100000 - 0x00007ffe1d10b000 	D:\Android\Android_Studio\jbr\bin\management_ext.dll
0x00007ffe3c3e0000 - 0x00007ffe3c3e8000 	C:\WINDOWS\System32\PSAPI.DLL
0x00007ffe37d60000 - 0x00007ffe37d93000 	C:\WINDOWS\SYSTEM32\IPHLPAPI.DLL
0x00007ffe3c090000 - 0x00007ffe3c09a000 	C:\WINDOWS\System32\NSI.dll
0x00007ffe31dc0000 - 0x00007ffe31ddf000 	C:\WINDOWS\SYSTEM32\dhcpcsvc6.DLL
0x00007ffe31bd0000 - 0x00007ffe31bf5000 	C:\WINDOWS\SYSTEM32\dhcpcsvc.DLL
0x00007ffe37e00000 - 0x00007ffe37f26000 	C:\WINDOWS\SYSTEM32\DNSAPI.dll
0x00007ffe33600000 - 0x00007ffe33609000 	D:\Android\Android_Studio\jbr\bin\extnet.dll
0x00007ffe38ba0000 - 0x00007ffe38bbb000 	C:\WINDOWS\SYSTEM32\CRYPTSP.dll
0x00007ffe382b0000 - 0x00007ffe382eb000 	C:\WINDOWS\system32\rsaenh.dll
0x00007ffe38980000 - 0x00007ffe389ab000 	C:\WINDOWS\SYSTEM32\USERENV.dll
0x00007ffe394c0000 - 0x00007ffe394e6000 	C:\WINDOWS\SYSTEM32\bcrypt.dll
0x00007ffe38bc0000 - 0x00007ffe38bcc000 	C:\WINDOWS\SYSTEM32\CRYPTBASE.dll
0x00007ffd9e7d0000 - 0x00007ffd9e7d8000 	C:\WINDOWS\system32\wshunix.dll

dbghelp: loaded successfully - version: 4.0.5 - missing functions: none
symbol engine: initialized successfully - sym options: 0x614 - pdb path: .;D:\Android\Android_Studio\jbr\bin;C:\WINDOWS\SYSTEM32;C:\WINDOWS\WinSxS\amd64_microsoft.windows.common-controls_6595b64144ccf1df_6.0.26100.4768_none_3e0c112ce331287c;D:\Android\Android_Studio\jbr\bin\server;C:\Users\Pham Ngoc\.gradle\native\1def1411415f61bf3af743bc5b6707747c0891f09f0c88961ee8f79bc544acac\windows-amd64;C:\Users\Pham Ngoc\.gradle\native\0.2.7\x86_64-windows-gnu

VM Arguments:
jvm_args: --add-opens=java.base/java.lang=ALL-UNNAMED --add-opens=java.base/java.lang.invoke=ALL-UNNAMED --add-opens=java.base/java.util=ALL-UNNAMED --add-opens=java.prefs/java.util.prefs=ALL-UNNAMED --add-exports=jdk.compiler/com.sun.tools.javac.api=ALL-UNNAMED --add-exports=jdk.compiler/com.sun.tools.javac.util=ALL-UNNAMED --add-opens=java.base/java.util=ALL-UNNAMED --add-opens=java.prefs/java.util.prefs=ALL-UNNAMED --add-opens=java.base/java.nio.charset=ALL-UNNAMED --add-opens=java.base/java.net=ALL-UNNAMED --add-opens=java.base/java.util.concurrent.atomic=ALL-UNNAMED --add-opens=java.xml/javax.xml.namespace=ALL-UNNAMED -XX:MaxMetaspaceSize=384m -XX:+HeapDumpOnOutOfMemoryError -Xms256m -Xmx512m -Dfile.encoding=windows-1252 -Duser.country=AU -Duser.language=en -Duser.variant -javaagent:C:\Users\Pham Ngoc\.gradle\wrapper\dists\gradle-8.14.3-bin\cv11ve7ro1n3o1j4so8xd9n66\gradle-8.14.3\lib\agents\gradle-instrumentation-agent-8.14.3.jar 
java_command: org.gradle.launcher.daemon.bootstrap.GradleDaemon 8.14.3
java_class_path (initial): C:\Users\Pham Ngoc\.gradle\wrapper\dists\gradle-8.14.3-bin\cv11ve7ro1n3o1j4so8xd9n66\gradle-8.14.3\lib\gradle-daemon-main-8.14.3.jar
Launcher Type: SUN_STANDARD

[Global flags]
     intx CICompilerCount                          = 4                                         {product} {ergonomic}
   size_t CompressedClassSpaceSize                 = 335544320                                 {product} {ergonomic}
     uint ConcGCThreads                            = 3                                         {product} {ergonomic}
     uint G1ConcRefinementThreads                  = 10                                        {product} {ergonomic}
   size_t G1HeapRegionSize                         = 1048576                                   {product} {ergonomic}
    uintx GCDrainStackTargetSize                   = 64                                        {product} {ergonomic}
     bool HeapDumpOnOutOfMemoryError               = true                                   {manageable} {command line}
   size_t InitialHeapSize                          = 268435456                                 {product} {command line}
   size_t MarkStackSize                            = 4194304                                   {product} {ergonomic}
   size_t MaxHeapSize                              = 536870912                                 {product} {command line}
   size_t MaxMetaspaceSize                         = 402653184                                 {product} {command line}
   size_t MaxNewSize                               = 321912832                                 {product} {ergonomic}
   size_t MinHeapDeltaBytes                        = 1048576                                   {product} {ergonomic}
   size_t MinHeapSize                              = 268435456                                 {product} {command line}
    uintx NonNMethodCodeHeapSize                   = 5839372                                {pd product} {ergonomic}
    uintx NonProfiledCodeHeapSize                  = 122909434                              {pd product} {ergonomic}
    uintx ProfiledCodeHeapSize                     = 122909434                              {pd product} {ergonomic}
    uintx ReservedCodeCacheSize                    = 251658240                              {pd product} {ergonomic}
     bool SegmentedCodeCache                       = true                                      {product} {ergonomic}
   size_t SoftMaxHeapSize                          = 536870912                              {manageable} {ergonomic}
     bool UseCompressedClassPointers               = true                           {product lp64_product} {ergonomic}
     bool UseCompressedOops                        = true                           {product lp64_product} {ergonomic}
     bool UseG1GC                                  = true                                      {product} {ergonomic}
     bool UseLargePagesIndividualAllocation        = false                                  {pd product} {ergonomic}

Logging:
Log output configuration:
 #0: stdout all=warning uptime,level,tags
 #1: stderr all=off uptime,level,tags

Environment Variables:
JAVA_HOME=C:\Program Files\Java\jdk-17
PATH=C:\Python313\Scripts\;C:\Python313\;C:\Program Files\Python312\Scripts\;C:\Program Files\Python312\;C:\Program Files (x86)\VMware\VMware Workstation\bin\;C:\Program Files\Microsoft MPI\Bin\;C:\Program Files\Microsoft\jdk-17.0.7.7-hotspot\bin;C:\windows\system32;C:\windows;C:\windows\System32\Wbem;C:\windows\System32\WindowsPowerShell\v1.0\;C:\windows\System32\OpenSSH\;C:\Program Files (x86)\NVIDIA Corporation\PhysX\Common;C:\Program Files\NVIDIA Corporation\NVIDIA NvDLISR;C:\WINDOWS\system32;C:\WINDOWS;C:\WINDOWS\System32\Wbem;C:\WINDOWS\System32\WindowsPowerShell\v1.0\;C:\WINDOWS\System32\OpenSSH\;C:\Program Files (x86)\mingw-w64\i686-8.1.0-posix-dwarf-rt_v6-rev0\mingw32\bin;C:\msys64\mingw64\bin;C:\Program Files (x86)\Microsoft SQL Server\160\Tools\Binn\;C:\Program Files\Microsoft SQL Server\160\Tools\Binn\;C:\Program Files\Microsoft SQL Server\Client SDK\ODBC\170\Tools\Binn\;C:\Program Files\Microsoft SQL Server\160\DTS\Binn\;C:\Program Files\Azure Data Studio\bin;C:\flutter_code\flutter\bin;C:\Program Files (x86)\Rational\common;C:\msys64\mingw64\bin\pip.exe;C:\Program Files\Git\cmd;C:\Program Files\Java\jdk-17\bin;C:\ProgramData\chocolatey\bin;C:\Program Files (x86)\Microsoft SQL Server\160\DTS\Binn\;C:\Program Files\MySQL\MySQL Server 8.0\bin;C:\Program Files\nodejs\;C:\Program Files\dotnet\;C:\Users\Pham Ngoc\scoop\shims;C:\Users\Pham Ngoc\AppData\Local\Microsoft\WindowsApps;C:\Users\Pham Ngoc\AppData\Local\Programs\Microsoft VS Code\bin;C:\msys64\mingw64\bin;C:\Program Files\Azure Data Studio\bin;C:\flutter_3.19.4\flutter\bin;C:\fvm;%IntelliJ IDEA Community Edition%;D:\SQL\Azure Data Studio\bin;C:\Program Files\JetBrains\PyCharm 2024.2.4\bin;;C:\Program Files\Java\jdk-17\bin;C:\Users\Pham Ngoc\AppData\Local\Programs\Windsurf\bin;C:\Users\Pham Ngoc\AppData\Roaming\npm;C:\Users\Pham Ngoc\.dotnet\tools
USERNAME=Pham Ngoc
OS=Windows_NT
PROCESSOR_IDENTIFIER=AMD64 Family 25 Model 80 Stepping 0, AuthenticAMD
TMP=C:\Users\PHAMNG~1\AppData\Local\Temp
TEMP=C:\Users\PHAMNG~1\AppData\Local\Temp



Periodic native trim disabled

JNI global refs:
JNI global refs: 26, weak refs: 3

JNI global refs memory usage: 843, weak refs: 841

Process memory usage:
Resident Set Size: 334792K (4% of 7702248K total physical memory with 236912K free physical memory)

OOME stack traces (most recent first):
Classloader memory used:
Loader org.gradle.internal.classloader.VisitableURLClassLoader                         : 3523K
Loader bootstrap                                                                       : 2395K
Loader org.gradle.initialization.MixInLegacyTypesClassLoader                           : 750K
Loader jdk.internal.loader.ClassLoaders$PlatformClassLoader                            : 67048B
Loader jdk.internal.loader.ClassLoaders$AppClassLoader                                 : 29430B
Loader jdk.internal.reflect.DelegatingClassLoader                                      : 6703B
Loader org.gradle.groovy.scripts.internal.DefaultScriptCompilationHandler$ScriptClassLoader: 5354B
Loader org.codehaus.groovy.runtime.callsite.CallSiteClassLoader                        : 1270B
Loader org.gradle.internal.classloader.VisitableURLClassLoader                         : 581B

Classes loaded by more than one classloader:
Class org.gradle.internal.installation.GradleInstallation                             : loaded 2 times (x 73B)
Class org.gradle.internal.classpath.ClassPath                                         : loaded 2 times (x 68B)
Class org.gradle.api.internal.classpath.DefaultModuleRegistry                         : loaded 2 times (x 84B)
Class org.gradle.api.Action                                                           : loaded 2 times (x 68B)
Class org.gradle.api.internal.DefaultClassPathProvider                                : loaded 2 times (x 74B)
Class org.gradle.internal.installation.GradleInstallation$1                           : loaded 2 times (x 73B)
Class org.gradle.internal.classloader.FilteringClassLoader                            : loaded 2 times (x 103B)
Class org.gradle.internal.classpath.DefaultClassPath$ImmutableUniqueList$Builder      : loaded 2 times (x 73B)
Class org.gradle.internal.classloader.ClassLoaderVisitor                              : loaded 2 times (x 74B)
Class org.gradle.internal.service.DefaultServiceLocator                               : loaded 2 times (x 81B)
Class org.gradle.internal.service.UnknownServiceException                             : loaded 2 times (x 81B)
Class org.gradle.internal.classloader.DefaultClassLoaderFactory                       : loaded 2 times (x 80B)
Class org.gradle.internal.classloader.VisitableURLClassLoader$Spec                    : loaded 2 times (x 72B)
Class org.gradle.api.GradleException                                                  : loaded 2 times (x 80B)
Class org.gradle.api.internal.classpath.ModuleRegistry                                : loaded 2 times (x 68B)
Class org.gradle.api.internal.ClassPathProvider                                       : loaded 2 times (x 68B)
Class org.gradle.internal.classloader.ClasspathUtil$1                                 : loaded 2 times (x 74B)
Class org.gradle.internal.classloader.ClassLoaderFactory                              : loaded 2 times (x 68B)
Class org.gradle.api.internal.classpath.ManifestUtil                                  : loaded 2 times (x 69B)
Class org.gradle.api.specs.Spec                                                       : loaded 2 times (x 68B)
Class org.gradle.internal.IoActions                                                   : loaded 2 times (x 69B)
Class org.gradle.api.internal.classpath.EffectiveClassPath                            : loaded 2 times (x 88B)
Class org.gradle.internal.installation.CurrentGradleInstallation                      : loaded 2 times (x 71B)
Class org.gradle.internal.installation.CurrentGradleInstallationLocator               : loaded 2 times (x 69B)
Class org.gradle.api.internal.classpath.Module                                        : loaded 2 times (x 68B)
Class org.gradle.internal.service.CachingServiceLocator                               : loaded 2 times (x 80B)
Class org.gradle.internal.classpath.DefaultClassPath                                  : loaded 2 times (x 88B)
Class org.gradle.internal.classloader.SystemClassLoaderSpec                           : loaded 2 times (x 69B)
Class org.gradle.api.UncheckedIOException                                             : loaded 2 times (x 80B)
Class org.gradle.api.internal.classpath.GlobalCacheRootsProvider                      : loaded 2 times (x 68B)
Class org.gradle.internal.classloader.ClasspathUtil                                   : loaded 2 times (x 69B)
Class org.gradle.api.internal.DefaultClassPathRegistry                                : loaded 2 times (x 74B)
Class org.gradle.api.internal.classpath.DefaultModuleRegistry$DefaultModule           : loaded 2 times (x 84B)
Class org.gradle.api.internal.classpath.UnknownModuleException                        : loaded 2 times (x 80B)
Class org.gradle.internal.service.ServiceLookupException                              : loaded 2 times (x 80B)
Class [Lorg.gradle.api.internal.ClassPathProvider;                                    : loaded 2 times (x 67B)
Class org.gradle.util.internal.GUtil                                                  : loaded 2 times (x 69B)
Class org.gradle.internal.classloader.ClassLoaderSpec                                 : loaded 2 times (x 69B)
Class org.gradle.internal.classloader.InstrumentingClassLoader                        : loaded 2 times (x 68B)
Class org.gradle.internal.classloader.VisitableURLClassLoader                         : loaded 2 times (x 115B)
Class org.gradle.internal.Cast                                                        : loaded 2 times (x 69B)
Class org.gradle.api.internal.ClassPathRegistry                                       : loaded 2 times (x 68B)
Class org.gradle.internal.classloader.VisitableURLClassLoader$InstrumentingVisitableURLClassLoader: loaded 2 times (x 121B)
Class org.gradle.internal.classloader.ClassLoaderHierarchy                            : loaded 2 times (x 68B)
Class org.gradle.internal.InternalTransformer                                         : loaded 2 times (x 68B)
Class org.gradle.internal.service.ServiceLocator                                      : loaded 2 times (x 68B)
Class org.gradle.internal.classpath.DefaultClassPath$ImmutableUniqueList              : loaded 2 times (x 159B)
Class org.gradle.internal.classpath.TransformedClassPath                              : loaded 2 times (x 94B)


---------------  S Y S T E M  ---------------

OS:
 Windows 11 , 64 bit Build 26100 (10.0.26100.4768)
OS uptime: 0 days 1:17 hours
Hyper-V role detected

CPU: total 12 (initial active 12) (12 cores per cpu, 2 threads per core) family 25 model 80 stepping 0 microcode 0xa50000d, cx8, cmov, fxsr, ht, mmx, 3dnowpref, sse, sse2, sse3, ssse3, sse4a, sse4.1, sse4.2, popcnt, lzcnt, tsc, tscinvbit, avx, avx2, aes, erms, clmul, bmi1, bmi2, adx, sha, fma, vzeroupper, clflush, clflushopt, hv
Processor Information for all 12 processors :
  Max Mhz: 3301, Current Mhz: 3301, Mhz Limit: 3301

Memory: 4k page, system-wide physical 7521M (227M free)
TotalPageFile size 31073M (AvailPageFile size 51M)
current process WorkingSet (physical memory assigned to process): 327M, peak: 353M
current process commit charge ("private bytes"): 465M, peak: 468M

vm_info: OpenJDK 64-Bit Server VM (17.0.11+0--11852314) for windows-amd64 JRE (17.0.11+0--11852314), built on May 16 2024 21:29:20 by "androidbuild" with MS VC++ 16.10 / 16.11 (VS2019)

END.
